Archive member included to satisfy reference by file (symbol)

C:\Users\matia\Documents\MCUXpressoIDE_11.4.0_6237\workspace\lpc_board_nxp_lpcxpresso_1769\Debug\liblpc_board_nxp_lpcxpresso_1769.a(board.o)
                              ./src/Mi_primer_proyecto.o (Board_LED_Set)
C:\Users\matia\Documents\MCUXpressoIDE_11.4.0_6237\workspace\lpc_board_nxp_lpcxpresso_1769\Debug\liblpc_board_nxp_lpcxpresso_1769.a(board_sysinit.o)
                              ./src/sysinit.o (Board_SystemInit)
C:\Users\matia\Documents\MCUXpressoIDE_11.4.0_6237\workspace\lpc_chip_175x_6x\Debug\liblpc_chip_175x_6x.a(chip_17xx_40xx.o)
                              ./src/Mi_primer_proyecto.o (SystemCoreClockUpdate)
C:\Users\matia\Documents\MCUXpressoIDE_11.4.0_6237\workspace\lpc_chip_175x_6x\Debug\liblpc_chip_175x_6x.a(clock_17xx_40xx.o)
                              C:\Users\matia\Documents\MCUXpressoIDE_11.4.0_6237\workspace\lpc_chip_175x_6x\Debug\liblpc_chip_175x_6x.a(chip_17xx_40xx.o) (Chip_Clock_EnablePLL)
C:\Users\matia\Documents\MCUXpressoIDE_11.4.0_6237\workspace\lpc_chip_175x_6x\Debug\liblpc_chip_175x_6x.a(i2s_17xx_40xx.o)
                              C:\Users\matia\Documents\MCUXpressoIDE_11.4.0_6237\workspace\lpc_board_nxp_lpcxpresso_1769\Debug\liblpc_board_nxp_lpcxpresso_1769.a(board.o) (Chip_I2S_Init)
C:\Users\matia\Documents\MCUXpressoIDE_11.4.0_6237\workspace\lpc_chip_175x_6x\Debug\liblpc_chip_175x_6x.a(iocon_17xx_40xx.o)
                              C:\Users\matia\Documents\MCUXpressoIDE_11.4.0_6237\workspace\lpc_board_nxp_lpcxpresso_1769\Debug\liblpc_board_nxp_lpcxpresso_1769.a(board.o) (Chip_IOCON_PinMux)
C:\Users\matia\Documents\MCUXpressoIDE_11.4.0_6237\workspace\lpc_chip_175x_6x\Debug\liblpc_chip_175x_6x.a(sysinit_17xx_40xx.o)
                              C:\Users\matia\Documents\MCUXpressoIDE_11.4.0_6237\workspace\lpc_board_nxp_lpcxpresso_1769\Debug\liblpc_board_nxp_lpcxpresso_1769.a(board_sysinit.o) (Chip_SetupXtalClocking)
C:\Users\matia\Documents\MCUXpressoIDE_11.4.0_6237\workspace\lpc_chip_175x_6x\Debug\liblpc_chip_175x_6x.a(uart_17xx_40xx.o)
                              C:\Users\matia\Documents\MCUXpressoIDE_11.4.0_6237\workspace\lpc_board_nxp_lpcxpresso_1769\Debug\liblpc_board_nxp_lpcxpresso_1769.a(board.o) (Chip_UART_Init)
C:\Users\matia\Documents\MCUXpressoIDE_11.4.0_6237\workspace\lpc_chip_175x_6x\Debug\liblpc_chip_175x_6x.a(ring_buffer.o)
                              C:\Users\matia\Documents\MCUXpressoIDE_11.4.0_6237\workspace\lpc_chip_175x_6x\Debug\liblpc_chip_175x_6x.a(uart_17xx_40xx.o) (RingBuffer_Insert)
c:/nxp/mcuxpressoide_11.4.0_6237/ide/plugins/com.nxp.mcuxpresso.tools.win32_11.4.0.202103011116/tools/bin/../lib/gcc/arm-none-eabi/10.2.1/../../../../arm-none-eabi/lib/thumb/v7-m/nofp\libcr_c.a(memcpy.o)
                              C:\Users\matia\Documents\MCUXpressoIDE_11.4.0_6237\workspace\lpc_board_nxp_lpcxpresso_1769\Debug\liblpc_board_nxp_lpcxpresso_1769.a(board.o) (memcpy)
c:/nxp/mcuxpressoide_11.4.0_6237/ide/plugins/com.nxp.mcuxpresso.tools.win32_11.4.0.202103011116/tools/bin/../lib/gcc/arm-none-eabi/10.2.1/../../../../arm-none-eabi/lib/thumb/v7-m/nofp\libcr_c.a(__weak__main.o)
                              ./src/cr_startup_lpc175x_6x.o (__main)
c:/nxp/mcuxpressoide_11.4.0_6237/ide/plugins/com.nxp.mcuxpresso.tools.win32_11.4.0.202103011116/tools/bin/../lib/gcc/arm-none-eabi/10.2.1/thumb/v7-m/nofp\libcr_eabihelpers.a(division_64.o)
                              C:\Users\matia\Documents\MCUXpressoIDE_11.4.0_6237\workspace\lpc_chip_175x_6x\Debug\liblpc_chip_175x_6x.a(i2s_17xx_40xx.o) (__aeabi_uldivmod)
c:/nxp/mcuxpressoide_11.4.0_6237/ide/plugins/com.nxp.mcuxpresso.tools.win32_11.4.0.202103011116/tools/bin/../lib/gcc/arm-none-eabi/10.2.1/thumb/v7-m/nofp\libcr_eabihelpers.a(division_idiv0.o)
                              c:/nxp/mcuxpressoide_11.4.0_6237/ide/plugins/com.nxp.mcuxpresso.tools.win32_11.4.0.202103011116/tools/bin/../lib/gcc/arm-none-eabi/10.2.1/thumb/v7-m/nofp\libcr_eabihelpers.a(division_64.o) (__aeabi_idiv0)
c:/nxp/mcuxpressoide_11.4.0_6237/ide/plugins/com.nxp.mcuxpresso.tools.win32_11.4.0.202103011116/tools/bin/../lib/gcc/arm-none-eabi/10.2.1/thumb/v7-m/nofp\libcr_eabihelpers.a(memcpy.o)
                              c:/nxp/mcuxpressoide_11.4.0_6237/ide/plugins/com.nxp.mcuxpresso.tools.win32_11.4.0.202103011116/tools/bin/../lib/gcc/arm-none-eabi/10.2.1/../../../../arm-none-eabi/lib/thumb/v7-m/nofp\libcr_c.a(memcpy.o) (__aeabi_memcpy)

Discarded input sections

 .group         0x00000000        0xc ./src/Mi_primer_proyecto.o
 .group         0x00000000        0xc ./src/Mi_primer_proyecto.o
 .group         0x00000000        0xc ./src/Mi_primer_proyecto.o
 .group         0x00000000        0xc ./src/Mi_primer_proyecto.o
 .group         0x00000000        0xc ./src/Mi_primer_proyecto.o
 .group         0x00000000        0xc ./src/Mi_primer_proyecto.o
 .group         0x00000000        0xc ./src/Mi_primer_proyecto.o
 .group         0x00000000        0xc ./src/Mi_primer_proyecto.o
[...]
Memory Configuration

Name             Origin             Length             Attributes
MFlash512        0x00000000         0x00080000         xr
RamLoc32         0x10000000         0x00008000         xrw
RamAHB32         0x2007c000         0x00008000         xrw
*default*        0x00000000         0xffffffff

Linker script and memory map

LOAD ./src/Mi_primer_proyecto.o
LOAD ./src/cr_startup_lpc175x_6x.o
LOAD ./src/crp.o
LOAD ./src/sysinit.o
LOAD C:\Users\matia\Documents\MCUXpressoIDE_11.4.0_6237\workspace\lpc_board_nxp_lpcxpresso_1769\Debug\liblpc_board_nxp_lpcxpresso_1769.a
LOAD C:\Users\matia\Documents\MCUXpressoIDE_11.4.0_6237\workspace\lpc_chip_175x_6x\Debug\liblpc_chip_175x_6x.a
START GROUP
LOAD c:/nxp/mcuxpressoide_11.4.0_6237/ide/plugins/com.nxp.mcuxpresso.tools.win32_11.4.0.202103011116/tools/bin/../lib/gcc/arm-none-eabi/10.2.1/../../../../arm-none-eabi/lib/thumb/v7-m/nofp\libcr_c.a
LOAD c:/nxp/mcuxpressoide_11.4.0_6237/ide/plugins/com.nxp.mcuxpresso.tools.win32_11.4.0.202103011116/tools/bin/../lib/gcc/arm-none-eabi/10.2.1/thumb/v7-m/nofp\libcr_eabihelpers.a
LOAD c:/nxp/mcuxpressoide_11.4.0_6237/ide/plugins/com.nxp.mcuxpresso.tools.win32_11.4.0.202103011116/tools/bin/../lib/gcc/arm-none-eabi/10.2.1/thumb/v7-m/nofp\libgcc.a
END GROUP
                0x00000000                __base_MFlash512 = 0x0
                0x00000000                __base_Flash = 0x0
                0x00080000                __top_MFlash512 = 0x80000
                0x00080000                __top_Flash = 0x80000
                0x10000000                __base_RamLoc32 = 0x10000000
                0x10000000                __base_RAM = 0x10000000
                0x10008000                __top_RamLoc32 = 0x10008000
                0x10008000                __top_RAM = 0x10008000
                0x2007c000                __base_RamAHB32 = 0x2007c000
                0x2007c000                __base_RAM2 = 0x2007c000
                0x20084000                __top_RamAHB32 = 0x20084000
                0x20084000                __top_RAM2 = 0x20084000

.text           0x00000000      0xf84
 FILL mask 0xff
                0x00000000                __vectors_start__ = ABSOLUTE (.)
 *(.isr_vector)
 .isr_vector    0x00000000       0xcc ./src/cr_startup_lpc175x_6x.o
                0x00000000                g_pfnVectors
                0x000000cc                . = ALIGN (0x4)
                0x000000cc                __section_table_start = .
                0x000000cc                __data_section_table = .
                0x000000cc        0x4 LONG 0xf84 LOADADDR (.data)
                0x000000d0        0x4 LONG 0x10000000 ADDR (.data)
                0x000000d4        0x4 LONG 0x0 SIZEOF (.data)
                0x000000d8        0x4 LONG 0xf84 LOADADDR (.data_RAM2)
                0x000000dc        0x4 LONG 0x2007c000 ADDR (.data_RAM2)
                0x000000e0        0x4 LONG 0x0 SIZEOF (.data_RAM2)
                0x000000e4                __data_section_table_end = .
                0x000000e4                __bss_section_table = .
                0x000000e4        0x4 LONG 0x10000000 ADDR (.bss)
                0x000000e8        0x4 LONG 0x8 SIZEOF (.bss)
                0x000000ec        0x4 LONG 0x2007c000 ADDR (.bss_RAM2)
                0x000000f0        0x4 LONG 0x0 SIZEOF (.bss_RAM2)
                0x000000f4                __bss_section_table_end = .
                0x000000f4                __section_table_end = .
 *(.after_vectors*)
 .after_vectors
                0x000000f4      0x130 ./src/cr_startup_lpc175x_6x.o
                0x000000f4                data_init
                0x00000138                bss_init
                0x00000170                ResetISR
                0x000001e8                NMI_Handler
                0x000001ee                HardFault_Handler
                0x000001f4                MemManage_Handler
                0x000001fa                BusFault_Handler
                0x00000200                UsageFault_Handler
                0x00000206                SVC_Handler
                0x0000020c                DebugMon_Handler
                0x00000212                PendSV_Handler
                0x00000218                SysTick_Handler
                0x0000021e                EINT3_IRQHandler
                0x0000021e                CANActivity_IRQHandler
                0x0000021e                TIMER3_IRQHandler
                0x0000021e                UART0_IRQHandler
                0x0000021e                UART1_IRQHandler
                0x0000021e                EINT2_IRQHandler
                0x0000021e                USBActivity_IRQHandler
                0x0000021e                IntDefaultHandler
                0x0000021e                PLL0_IRQHandler
                0x0000021e                CAN_IRQHandler
                0x0000021e                I2C1_IRQHandler
                0x0000021e                SSP0_IRQHandler
                0x0000021e                I2S_IRQHandler
                0x0000021e                I2C2_IRQHandler
                0x0000021e                RTC_IRQHandler
                0x0000021e                TIMER0_IRQHandler
                0x0000021e                SPI_IRQHandler
                0x0000021e                RIT_IRQHandler
                0x0000021e                EINT1_IRQHandler
                0x0000021e                TIMER1_IRQHandler
                0x0000021e                UART2_IRQHandler
                0x0000021e                ADC_IRQHandler
                0x0000021e                SSP1_IRQHandler
                0x0000021e                USB_IRQHandler
                0x0000021e                BOD_IRQHandler
                0x0000021e                I2C0_IRQHandler
                0x0000021e                WDT_IRQHandler
                0x0000021e                PWM1_IRQHandler
                0x0000021e                QEI_IRQHandler
                0x0000021e                EINT0_IRQHandler
                0x0000021e                ETH_IRQHandler
                0x0000021e                PLL1_IRQHandler
                0x0000021e                DMA_IRQHandler
                0x0000021e                TIMER2_IRQHandler
                0x0000021e                UART3_IRQHandler
                0x0000021e                MCPWM_IRQHandler
                0x000002fc                . = 0x2fc
 *fill*         0x00000224       0xd8 ff
                0x000002fc                PROVIDE (__CRP_WORD_START__ = .)
 *(.crp)
 .crp           0x000002fc        0x4 ./src/crp.o
                0x000002fc                CRP_WORD
                0x00000300                PROVIDE (__CRP_WORD_END__ = .)
                0x00000001                ASSERT (! ((__CRP_WORD_START__ == __CRP_WORD_END__)), Linker CRP Enabled, but no CRP_WORD provided within application)
 *(.text*)
 .text.main     0x00000300       0x50 ./src/Mi_primer_proyecto.o
                0x00000300                main
 .text.SystemInit
                0x00000350       0x24 ./src/sysinit.o
                0x00000350                SystemInit
 .text.Chip_IOCON_Init
                0x00000374       0x16 C:\Users\matia\Documents\MCUXpressoIDE_11.4.0_6237\workspace\lpc_board_nxp_lpcxpresso_1769\Debug\liblpc_board_nxp_lpcxpresso_1769.a(board.o)
 .text.Chip_GPIO_Init
                0x0000038a       0x16 C:\Users\matia\Documents\MCUXpressoIDE_11.4.0_6237\workspace\lpc_board_nxp_lpcxpresso_1769\Debug\liblpc_board_nxp_lpcxpresso_1769.a(board.o)
 .text.Chip_GPIO_SetPinState
                0x000003a0       0x64 C:\Users\matia\Documents\MCUXpressoIDE_11.4.0_6237\workspace\lpc_board_nxp_lpcxpresso_1769\Debug\liblpc_board_nxp_lpcxpresso_1769.a(board.o)
 .text.Chip_GPIO_WritePortBit
                0x00000404       0x2c C:\Users\matia\Documents\MCUXpressoIDE_11.4.0_6237\workspace\lpc_board_nxp_lpcxpresso_1769\Debug\liblpc_board_nxp_lpcxpresso_1769.a(board.o)
 .text.Chip_GPIO_SetPinDIROutput
                0x00000430       0x36 C:\Users\matia\Documents\MCUXpressoIDE_11.4.0_6237\workspace\lpc_board_nxp_lpcxpresso_1769\Debug\liblpc_board_nxp_lpcxpresso_1769.a(board.o)
 .text.Chip_GPIO_SetPinDIRInput
                0x00000466       0x3a C:\Users\matia\Documents\MCUXpressoIDE_11.4.0_6237\workspace\lpc_board_nxp_lpcxpresso_1769\Debug\liblpc_board_nxp_lpcxpresso_1769.a(board.o)
 .text.Chip_GPIO_SetPinDIR
                0x000004a0       0x42 C:\Users\matia\Documents\MCUXpressoIDE_11.4.0_6237\workspace\lpc_board_nxp_lpcxpresso_1769\Debug\liblpc_board_nxp_lpcxpresso_1769.a(board.o)
 .text.Chip_GPIO_WriteDirBit
                0x000004e2       0x2e C:\Users\matia\Documents\MCUXpressoIDE_11.4.0_6237\workspace\lpc_board_nxp_lpcxpresso_1769\Debug\liblpc_board_nxp_lpcxpresso_1769.a(board.o)
 .text.Chip_UART_ConfigData
                0x00000510       0x1a C:\Users\matia\Documents\MCUXpressoIDE_11.4.0_6237\workspace\lpc_board_nxp_lpcxpresso_1769\Debug\liblpc_board_nxp_lpcxpresso_1769.a(board.o)
 *fill*         0x0000052a        0x2 ff
 .text.Board_LED_Init
                0x0000052c       0x18 C:\Users\matia\Documents\MCUXpressoIDE_11.4.0_6237\workspace\lpc_board_nxp_lpcxpresso_1769\Debug\liblpc_board_nxp_lpcxpresso_1769.a(board.o)
 .text.Board_UART_Init
                0x00000544       0x12 C:\Users\matia\Documents\MCUXpressoIDE_11.4.0_6237\workspace\lpc_board_nxp_lpcxpresso_1769\Debug\liblpc_board_nxp_lpcxpresso_1769.a(board.o)
                0x00000544                Board_UART_Init
 *fill*         0x00000556        0x2 ff
 .text.Board_Debug_Init
                0x00000558       0x30 C:\Users\matia\Documents\MCUXpressoIDE_11.4.0_6237\workspace\lpc_board_nxp_lpcxpresso_1769\Debug\liblpc_board_nxp_lpcxpresso_1769.a(board.o)
                0x00000558                Board_Debug_Init
 .text.Board_LED_Set
                0x00000588       0x30 C:\Users\matia\Documents\MCUXpressoIDE_11.4.0_6237\workspace\lpc_board_nxp_lpcxpresso_1769\Debug\liblpc_board_nxp_lpcxpresso_1769.a(board.o)
                0x00000588                Board_LED_Set
 .text.Board_Init
                0x000005b8       0x24 C:\Users\matia\Documents\MCUXpressoIDE_11.4.0_6237\workspace\lpc_board_nxp_lpcxpresso_1769\Debug\liblpc_board_nxp_lpcxpresso_1769.a(board.o)
                0x000005b8                Board_Init
 .text.Chip_SYSCTL_SetFLASHAccess
                0x000005dc       0x30 C:\Users\matia\Documents\MCUXpressoIDE_11.4.0_6237\workspace\lpc_board_nxp_lpcxpresso_1769\Debug\liblpc_board_nxp_lpcxpresso_1769.a(board_sysinit.o)
 .text.Board_SetupMuxing
                0x0000060c       0x1c C:\Users\matia\Documents\MCUXpressoIDE_11.4.0_6237\workspace\lpc_board_nxp_lpcxpresso_1769\Debug\liblpc_board_nxp_lpcxpresso_1769.a(board_sysinit.o)
                0x0000060c                Board_SetupMuxing
 .text.Board_SetupClocking
                0x00000628       0x12 C:\Users\matia\Documents\MCUXpressoIDE_11.4.0_6237\workspace\lpc_board_nxp_lpcxpresso_1769\Debug\liblpc_board_nxp_lpcxpresso_1769.a(board_sysinit.o)
                0x00000628                Board_SetupClocking
 .text.Board_SystemInit
                0x0000063a       0x10 C:\Users\matia\Documents\MCUXpressoIDE_11.4.0_6237\workspace\lpc_board_nxp_lpcxpresso_1769\Debug\liblpc_board_nxp_lpcxpresso_1769.a(board_sysinit.o)
                0x0000063a                Board_SystemInit
 *fill*         0x0000064a        0x2 ff
 .text.SystemCoreClockUpdate
                0x0000064c       0x18 C:\Users\matia\Documents\MCUXpressoIDE_11.4.0_6237\workspace\lpc_chip_175x_6x\Debug\liblpc_chip_175x_6x.a(chip_17xx_40xx.o)
                0x0000064c                SystemCoreClockUpdate
 .text.Chip_Clock_IsMainPLLEnabled
                0x00000664       0x24 C:\Users\matia\Documents\MCUXpressoIDE_11.4.0_6237\workspace\lpc_chip_175x_6x\Debug\liblpc_chip_175x_6x.a(clock_17xx_40xx.o)
 .text.Chip_Clock_IsMainPLLConnected
                0x00000688       0x24 C:\Users\matia\Documents\MCUXpressoIDE_11.4.0_6237\workspace\lpc_chip_175x_6x\Debug\liblpc_chip_175x_6x.a(clock_17xx_40xx.o)
 .text.Chip_Clock_FeedPLL
                0x000006ac       0x34 C:\Users\matia\Documents\MCUXpressoIDE_11.4.0_6237\workspace\lpc_chip_175x_6x\Debug\liblpc_chip_175x_6x.a(clock_17xx_40xx.o)
 .text.Chip_Clock_GetMainPLLSource
                0x000006e0       0x20 C:\Users\matia\Documents\MCUXpressoIDE_11.4.0_6237\workspace\lpc_chip_175x_6x\Debug\liblpc_chip_175x_6x.a(clock_17xx_40xx.o)
 .text.Chip_Clock_GetMainOscRate
                0x00000700       0x14 C:\Users\matia\Documents\MCUXpressoIDE_11.4.0_6237\workspace\lpc_chip_175x_6x\Debug\liblpc_chip_175x_6x.a(clock_17xx_40xx.o)
 .text.Chip_Clock_GetIntOscRate
                0x00000714       0x14 C:\Users\matia\Documents\MCUXpressoIDE_11.4.0_6237\workspace\lpc_chip_175x_6x\Debug\liblpc_chip_175x_6x.a(clock_17xx_40xx.o)
 .text.Chip_Clock_GetRTCOscRate
                0x00000728       0x14 C:\Users\matia\Documents\MCUXpressoIDE_11.4.0_6237\workspace\lpc_chip_175x_6x\Debug\liblpc_chip_175x_6x.a(clock_17xx_40xx.o)
 .text.Chip_Clock_GetMainPLLInClockRate
                0x0000073c        0xe C:\Users\matia\Documents\MCUXpressoIDE_11.4.0_6237\workspace\lpc_chip_175x_6x\Debug\liblpc_chip_175x_6x.a(clock_17xx_40xx.o)
 *fill*         0x0000074a        0x2 ff
 .text.Chip_Clock_EnablePLL
                0x0000074c       0x44 C:\Users\matia\Documents\MCUXpressoIDE_11.4.0_6237\workspace\lpc_chip_175x_6x\Debug\liblpc_chip_175x_6x.a(clock_17xx_40xx.o)
                0x0000074c                Chip_Clock_EnablePLL
 .text.Chip_Clock_DisablePLL
                0x00000790       0x48 C:\Users\matia\Documents\MCUXpressoIDE_11.4.0_6237\workspace\lpc_chip_175x_6x\Debug\liblpc_chip_175x_6x.a(clock_17xx_40xx.o)
                0x00000790                Chip_Clock_DisablePLL
 .text.Chip_Clock_SetupPLL
                0x000007d8       0x5c C:\Users\matia\Documents\MCUXpressoIDE_11.4.0_6237\workspace\lpc_chip_175x_6x\Debug\liblpc_chip_175x_6x.a(clock_17xx_40xx.o)
                0x000007d8                Chip_Clock_SetupPLL
 .text.Chip_Clock_EnablePeriphClock
                0x00000834       0x34 C:\Users\matia\Documents\MCUXpressoIDE_11.4.0_6237\workspace\lpc_chip_175x_6x\Debug\liblpc_chip_175x_6x.a(clock_17xx_40xx.o)
                0x00000834                Chip_Clock_EnablePeriphClock
 .text.Chip_Clock_GetCPUClockSource
                0x00000868       0x24 C:\Users\matia\Documents\MCUXpressoIDE_11.4.0_6237\workspace\lpc_chip_175x_6x\Debug\liblpc_chip_175x_6x.a(clock_17xx_40xx.o)
                0x00000868                Chip_Clock_GetCPUClockSource
 .text.Chip_Clock_SetCPUClockDiv
                0x0000088c       0x20 C:\Users\matia\Documents\MCUXpressoIDE_11.4.0_6237\workspace\lpc_chip_175x_6x\Debug\liblpc_chip_175x_6x.a(clock_17xx_40xx.o)
                0x0000088c                Chip_Clock_SetCPUClockDiv
 .text.Chip_Clock_GetCPUClockDiv
                0x000008ac       0x1c C:\Users\matia\Documents\MCUXpressoIDE_11.4.0_6237\workspace\lpc_chip_175x_6x\Debug\liblpc_chip_175x_6x.a(clock_17xx_40xx.o)
                0x000008ac                Chip_Clock_GetCPUClockDiv
 .text.Chip_Clock_GetPCLKDiv
                0x000008c8       0x8c C:\Users\matia\Documents\MCUXpressoIDE_11.4.0_6237\workspace\lpc_chip_175x_6x\Debug\liblpc_chip_175x_6x.a(clock_17xx_40xx.o)
                0x000008c8                Chip_Clock_GetPCLKDiv
 .text.Chip_Clock_GetSYSCLKRate
                0x00000954       0x3a C:\Users\matia\Documents\MCUXpressoIDE_11.4.0_6237\workspace\lpc_chip_175x_6x\Debug\liblpc_chip_175x_6x.a(clock_17xx_40xx.o)
                0x00000954                Chip_Clock_GetSYSCLKRate
 *fill*         0x0000098e        0x2 ff
 .text.Chip_Clock_GetMainPLLOutClockRate
                0x00000990       0x54 C:\Users\matia\Documents\MCUXpressoIDE_11.4.0_6237\workspace\lpc_chip_175x_6x\Debug\liblpc_chip_175x_6x.a(clock_17xx_40xx.o)
                0x00000990                Chip_Clock_GetMainPLLOutClockRate
 .text.Chip_Clock_GetMainClockRate
                0x000009e4       0x28 C:\Users\matia\Documents\MCUXpressoIDE_11.4.0_6237\workspace\lpc_chip_175x_6x\Debug\liblpc_chip_175x_6x.a(clock_17xx_40xx.o)
                0x000009e4                Chip_Clock_GetMainClockRate
 .text.Chip_Clock_GetSystemClockRate
                0x00000a0c       0x18 C:\Users\matia\Documents\MCUXpressoIDE_11.4.0_6237\workspace\lpc_chip_175x_6x\Debug\liblpc_chip_175x_6x.a(clock_17xx_40xx.o)
                0x00000a0c                Chip_Clock_GetSystemClockRate
 .text.Chip_Clock_GetPeripheralClockRate
                0x00000a24       0x26 C:\Users\matia\Documents\MCUXpressoIDE_11.4.0_6237\workspace\lpc_chip_175x_6x\Debug\liblpc_chip_175x_6x.a(clock_17xx_40xx.o)
                0x00000a24                Chip_Clock_GetPeripheralClockRate
 .text.Chip_IOCON_PinMuxSet
                0x00000a4a       0x36 C:\Users\matia\Documents\MCUXpressoIDE_11.4.0_6237\workspace\lpc_chip_175x_6x\Debug\liblpc_chip_175x_6x.a(iocon_17xx_40xx.o)
                0x00000a4a                Chip_IOCON_PinMuxSet
 .text.Chip_IOCON_PinMux
                0x00000a80       0x94 C:\Users\matia\Documents\MCUXpressoIDE_11.4.0_6237\workspace\lpc_chip_175x_6x\Debug\liblpc_chip_175x_6x.a(iocon_17xx_40xx.o)
                0x00000a80                Chip_IOCON_PinMux
 .text.Chip_IOCON_SetPinMuxing
                0x00000b14       0x64 C:\Users\matia\Documents\MCUXpressoIDE_11.4.0_6237\workspace\lpc_chip_175x_6x\Debug\liblpc_chip_175x_6x.a(iocon_17xx_40xx.o)
                0x00000b14                Chip_IOCON_SetPinMuxing
 .text.Chip_Clock_IsMainPLLEnabled
                0x00000b78       0x24 C:\Users\matia\Documents\MCUXpressoIDE_11.4.0_6237\workspace\lpc_chip_175x_6x\Debug\liblpc_chip_175x_6x.a(sysinit_17xx_40xx.o)
 .text.Chip_Clock_IsMainPLLLocked
                0x00000b9c       0x24 C:\Users\matia\Documents\MCUXpressoIDE_11.4.0_6237\workspace\lpc_chip_175x_6x\Debug\liblpc_chip_175x_6x.a(sysinit_17xx_40xx.o)
 .text.Chip_Clock_IsMainPLLConnected
                0x00000bc0       0x24 C:\Users\matia\Documents\MCUXpressoIDE_11.4.0_6237\workspace\lpc_chip_175x_6x\Debug\liblpc_chip_175x_6x.a(sysinit_17xx_40xx.o)
 .text.Chip_Clock_EnableCrystal
                0x00000be4       0x20 C:\Users\matia\Documents\MCUXpressoIDE_11.4.0_6237\workspace\lpc_chip_175x_6x\Debug\liblpc_chip_175x_6x.a(sysinit_17xx_40xx.o)
 .text.Chip_Clock_IsCrystalEnabled
                0x00000c04       0x24 C:\Users\matia\Documents\MCUXpressoIDE_11.4.0_6237\workspace\lpc_chip_175x_6x\Debug\liblpc_chip_175x_6x.a(sysinit_17xx_40xx.o)
 .text.Chip_Clock_SetMainPLLSource
                0x00000c28       0x20 C:\Users\matia\Documents\MCUXpressoIDE_11.4.0_6237\workspace\lpc_chip_175x_6x\Debug\liblpc_chip_175x_6x.a(sysinit_17xx_40xx.o)
 .text.Chip_SetupXtalClocking
                0x00000c48       0x90 C:\Users\matia\Documents\MCUXpressoIDE_11.4.0_6237\workspace\lpc_chip_175x_6x\Debug\liblpc_chip_175x_6x.a(sysinit_17xx_40xx.o)
                0x00000c48                Chip_SetupXtalClocking
 .text.Chip_UART_SetupFIFOS
                0x00000cd8       0x1a C:\Users\matia\Documents\MCUXpressoIDE_11.4.0_6237\workspace\lpc_chip_175x_6x\Debug\liblpc_chip_175x_6x.a(uart_17xx_40xx.o)
 .text.Chip_UART_ConfigData
                0x00000cf2       0x1a C:\Users\matia\Documents\MCUXpressoIDE_11.4.0_6237\workspace\lpc_chip_175x_6x\Debug\liblpc_chip_175x_6x.a(uart_17xx_40xx.o)
 .text.Chip_UART_EnableDivisorAccess
                0x00000d0c       0x1e C:\Users\matia\Documents\MCUXpressoIDE_11.4.0_6237\workspace\lpc_chip_175x_6x\Debug\liblpc_chip_175x_6x.a(uart_17xx_40xx.o)
 .text.Chip_UART_DisableDivisorAccess
                0x00000d2a       0x1e C:\Users\matia\Documents\MCUXpressoIDE_11.4.0_6237\workspace\lpc_chip_175x_6x\Debug\liblpc_chip_175x_6x.a(uart_17xx_40xx.o)
 .text.Chip_UART_SetDivisorLatches
                0x00000d48       0x26 C:\Users\matia\Documents\MCUXpressoIDE_11.4.0_6237\workspace\lpc_chip_175x_6x\Debug\liblpc_chip_175x_6x.a(uart_17xx_40xx.o)
 *fill*         0x00000d6e        0x2 ff
 .text.Chip_UART_GetClockIndex
                0x00000d70       0x50 C:\Users\matia\Documents\MCUXpressoIDE_11.4.0_6237\workspace\lpc_chip_175x_6x\Debug\liblpc_chip_175x_6x.a(uart_17xx_40xx.o)
 .text.Chip_UART_GetClkIndex
                0x00000dc0       0x50 C:\Users\matia\Documents\MCUXpressoIDE_11.4.0_6237\workspace\lpc_chip_175x_6x\Debug\liblpc_chip_175x_6x.a(uart_17xx_40xx.o)
 .text.Chip_UART_Init
                0x00000e10       0x78 C:\Users\matia\Documents\MCUXpressoIDE_11.4.0_6237\workspace\lpc_chip_175x_6x\Debug\liblpc_chip_175x_6x.a(uart_17xx_40xx.o)
                0x00000e10                Chip_UART_Init
 .text.Chip_UART_TXEnable
                0x00000e88       0x18 C:\Users\matia\Documents\MCUXpressoIDE_11.4.0_6237\workspace\lpc_chip_175x_6x\Debug\liblpc_chip_175x_6x.a(uart_17xx_40xx.o)
                0x00000e88                Chip_UART_TXEnable
 .text.Chip_UART_TXDisable
                0x00000ea0       0x18 C:\Users\matia\Documents\MCUXpressoIDE_11.4.0_6237\workspace\lpc_chip_175x_6x\Debug\liblpc_chip_175x_6x.a(uart_17xx_40xx.o)
                0x00000ea0                Chip_UART_TXDisable
 .text.Chip_UART_SetBaud
                0x00000eb8       0x62 C:\Users\matia\Documents\MCUXpressoIDE_11.4.0_6237\workspace\lpc_chip_175x_6x\Debug\liblpc_chip_175x_6x.a(uart_17xx_40xx.o)
                0x00000eb8                Chip_UART_SetBaud
 .text.__weak_main
                0x00000f1a        0x4 c:/nxp/mcuxpressoide_11.4.0_6237/ide/plugins/com.nxp.mcuxpresso.tools.win32_11.4.0.202103011116/tools/bin/../lib/gcc/arm-none-eabi/10.2.1/../../../../arm-none-eabi/lib/thumb/v7-m/nofp\libcr_c.a(__weak__main.o)
                0x00000f1a                __weak_main
                0x00000f1a                __main
 *(.rodata .rodata.* .constdata .constdata.*)
 *fill*         0x00000f1e        0x2 ff
 .rodata.OscRateIn
                0x00000f20        0x4 C:\Users\matia\Documents\MCUXpressoIDE_11.4.0_6237\workspace\lpc_board_nxp_lpcxpresso_1769\Debug\liblpc_board_nxp_lpcxpresso_1769.a(board.o)
                0x00000f20                OscRateIn
 .rodata.RTCOscRateIn
                0x00000f24        0x4 C:\Users\matia\Documents\MCUXpressoIDE_11.4.0_6237\workspace\lpc_board_nxp_lpcxpresso_1769\Debug\liblpc_board_nxp_lpcxpresso_1769.a(board.o)
                0x00000f24                RTCOscRateIn
 .rodata.pinmuxing
                0x00000f28       0x5c C:\Users\matia\Documents\MCUXpressoIDE_11.4.0_6237\workspace\lpc_board_nxp_lpcxpresso_1769\Debug\liblpc_board_nxp_lpcxpresso_1769.a(board_sysinit.o)
                0x00000f84                . = ALIGN (0x4)

.glue_7         0x00000f84        0x0
 .glue_7        0x00000f84        0x0 linker stubs

.glue_7t        0x00000f84        0x0
 .glue_7t       0x00000f84        0x0 linker stubs

.vfp11_veneer   0x00000f84        0x0
 .vfp11_veneer  0x00000f84        0x0 linker stubs

.v4_bx          0x00000f84        0x0
 .v4_bx         0x00000f84        0x0 linker stubs

.iplt           0x00000f84        0x0
 .iplt          0x00000f84        0x0 ./src/Mi_primer_proyecto.o

.rel.dyn        0x00000f84        0x0
 .rel.iplt      0x00000f84        0x0 ./src/Mi_primer_proyecto.o

.ARM.extab
 *(.ARM.extab* .gnu.linkonce.armextab.*)

.ARM.exidx      0x00000f84        0x0
                0x00000f84                __exidx_start = .
 *(.ARM.exidx* .gnu.linkonce.armexidx.*)
                0x00000f84                __exidx_end = .
                0x00000f84                _etext = .

.data_RAM2      0x2007c000        0x0 load address 0x00000f84
 FILL mask 0xff
                [!provide]                PROVIDE (__start_data_RAM2 = .)
                [!provide]                PROVIDE (__start_data_RamAHB32 = .)
 *(.ramfunc.$RAM2)
 *(.ramfunc.$RamAHB32)
 *(.data.$RAM2)
 *(.data.$RamAHB32)
 *(.data.$RAM2.*)
 *(.data.$RamAHB32.*)
                0x2007c000                . = ALIGN (0x4)
                [!provide]                PROVIDE (__end_data_RAM2 = .)
                [!provide]                PROVIDE (__end_data_RamAHB32 = .)

.uninit_RESERVED
                0x10000000        0x0
                0x10000000                _start_uninit_RESERVED = .
 *(.bss.$RESERVED*)
                0x10000000                . = ALIGN (0x4)
                0x10000000                _end_uninit_RESERVED = .

.data           0x10000000        0x0 load address 0x00000f84
 FILL mask 0xff
                0x10000000                _data = .
                [!provide]                PROVIDE (__start_data_RAM = .)
                [!provide]                PROVIDE (__start_data_RamLoc32 = .)
 *(vtable)
 *(.ramfunc*)
 *(CodeQuickAccess)
 *(DataQuickAccess)
 *(RamFunction)
 *(.data*)
                0x10000000                . = ALIGN (0x4)
                0x10000000                _edata = .
                [!provide]                PROVIDE (__end_data_RAM = .)
                [!provide]                PROVIDE (__end_data_RamLoc32 = .)

.igot.plt       0x10000000        0x0 load address 0x00000f84
 .igot.plt      0x10000000        0x0 ./src/Mi_primer_proyecto.o

.bss_RAM2       0x2007c000        0x0
                [!provide]                PROVIDE (__start_bss_RAM2 = .)
                [!provide]                PROVIDE (__start_bss_RamAHB32 = .)
 *(.bss.$RAM2)
 *(.bss.$RamAHB32)
 *(.bss.$RAM2.*)
 *(.bss.$RamAHB32.*)
                0x2007c000                . = ALIGN ((. != 0x0)?0x4:0x1)
                [!provide]                PROVIDE (__end_bss_RAM2 = .)
                [!provide]                PROVIDE (__end_bss_RamAHB32 = .)

.bss            0x10000000        0x8
                0x10000000                _bss = .
                [!provide]                PROVIDE (__start_bss_RAM = .)
                [!provide]                PROVIDE (__start_bss_RamLoc32 = .)
 *(.bss*)
 .bss.i.0       0x10000000        0x4 ./src/Mi_primer_proyecto.o
 .bss.SystemCoreClock
                0x10000004        0x4 C:\Users\matia\Documents\MCUXpressoIDE_11.4.0_6237\workspace\lpc_chip_175x_6x\Debug\liblpc_chip_175x_6x.a(chip_17xx_40xx.o)
                0x10000004                SystemCoreClock
 *(COMMON)
                0x10000008                . = ALIGN (0x4)
                0x10000008                _ebss = .
                [!provide]                PROVIDE (__end_bss_RAM = .)
                [!provide]                PROVIDE (__end_bss_RamLoc32 = .)
                [!provide]                PROVIDE (end = .)

.noinit_RAM2    0x2007c000        0x0
                [!provide]                PROVIDE (__start_noinit_RAM2 = .)
                [!provide]                PROVIDE (__start_noinit_RamAHB32 = .)
 *(.noinit.$RAM2)
 *(.noinit.$RamAHB32)
 *(.noinit.$RAM2.*)
 *(.noinit.$RamAHB32.*)
                0x2007c000                . = ALIGN (0x4)
                [!provide]                PROVIDE (__end_noinit_RAM2 = .)
                [!provide]                PROVIDE (__end_noinit_RamAHB32 = .)

.noinit         0x10000008        0x0
                0x10000008                _noinit = .
                [!provide]                PROVIDE (__start_noinit_RAM = .)
                [!provide]                PROVIDE (__start_noinit_RamLoc32 = .)
 *(.noinit*)
                0x10000008                . = ALIGN (0x4)
                0x10000008                _end_noinit = .
                [!provide]                PROVIDE (__end_noinit_RAM = .)
                [!provide]                PROVIDE (__end_noinit_RamLoc32 = .)
                [!provide]                PROVIDE (_pvHeapStart = DEFINED (__user_heap_base)?__user_heap_base:.)
                0x10008000                PROVIDE (_vStackTop = DEFINED (__user_stack_top)?__user_stack_top:(__top_RamLoc32 - 0x0))
                0xefff74c6                PROVIDE (__valid_user_code_checksum = (0x0 - ((((((_vStackTop + (ResetISR + 0x1)) + (NMI_Handler + 0x1)) + (HardFault_Handler + 0x1)) + (DEFINED (MemManage_Handler)?MemManage_Handler:0x0 + 0x1)) + (DEFINED (BusFault_Handler)?BusFault_Handler:0x0 + 0x1)) + (DEFINED (UsageFault_Handler)?UsageFault_Handler:0x0 + 0x1))))
                0x00000000                _image_start = LOADADDR (.text)
                0x00000f84                _image_end = (LOADADDR (.data) + SIZEOF (.data))
                0x00000f84                _image_size = (_image_end - _image_start)
OUTPUT(Mi_primer_proyecto.axf elf32-littlearm)
LOAD linker stubs

.debug_info     0x00000000     0x45ef
 .debug_info    0x00000000       0xc8 ./src/Mi_primer_proyecto.o
 .debug_info    0x000000c8      0x27f ./src/cr_startup_lpc175x_6x.o
 .debug_info    0x00000347       0x40 ./src/crp.o
 .debug_info    0x00000387       0xbb ./src/sysinit.o
 .debug_info    0x00000442     0x14de C:\Users\matia\Documents\MCUXpressoIDE_11.4.0_6237\workspace\lpc_board_nxp_lpcxpresso_1769\Debug\liblpc_board_nxp_lpcxpresso_1769.a(board.o)
 .debug_info    0x00001920      0x594 C:\Users\matia\Documents\MCUXpressoIDE_11.4.0_6237\workspace\lpc_board_nxp_lpcxpresso_1769\Debug\liblpc_board_nxp_lpcxpresso_1769.a(board_sysinit.o)
 .debug_info    0x00001eb4      0x51e C:\Users\matia\Documents\MCUXpressoIDE_11.4.0_6237\workspace\lpc_chip_175x_6x\Debug\liblpc_chip_175x_6x.a(chip_17xx_40xx.o)
 .debug_info    0x000023d2      0xbc8 C:\Users\matia\Documents\MCUXpressoIDE_11.4.0_6237\workspace\lpc_chip_175x_6x\Debug\liblpc_chip_175x_6x.a(clock_17xx_40xx.o)
 .debug_info    0x00002f9a      0x2c8 C:\Users\matia\Documents\MCUXpressoIDE_11.4.0_6237\workspace\lpc_chip_175x_6x\Debug\liblpc_chip_175x_6x.a(iocon_17xx_40xx.o)
 .debug_info    0x00003262      0x431 C:\Users\matia\Documents\MCUXpressoIDE_11.4.0_6237\workspace\lpc_chip_175x_6x\Debug\liblpc_chip_175x_6x.a(sysinit_17xx_40xx.o)
 .debug_info    0x00003693      0xf5c C:\Users\matia\Documents\MCUXpressoIDE_11.4.0_6237\workspace\lpc_chip_175x_6x\Debug\liblpc_chip_175x_6x.a(uart_17xx_40xx.o)

.debug_abbrev   0x00000000     0x11b8
 .debug_abbrev  0x00000000       0x6a ./src/Mi_primer_proyecto.o
 .debug_abbrev  0x0000006a      0x122 ./src/cr_startup_lpc175x_6x.o
 .debug_abbrev  0x0000018c       0x38 ./src/crp.o
 .debug_abbrev  0x000001c4       0x7b ./src/sysinit.o
 .debug_abbrev  0x0000023f      0x3f0 C:\Users\matia\Documents\MCUXpressoIDE_11.4.0_6237\workspace\lpc_board_nxp_lpcxpresso_1769\Debug\liblpc_board_nxp_lpcxpresso_1769.a(board.o)
 .debug_abbrev  0x0000062f      0x156 C:\Users\matia\Documents\MCUXpressoIDE_11.4.0_6237\workspace\lpc_board_nxp_lpcxpresso_1769\Debug\liblpc_board_nxp_lpcxpresso_1769.a(board_sysinit.o)
 .debug_abbrev  0x00000785      0x145 C:\Users\matia\Documents\MCUXpressoIDE_11.4.0_6237\workspace\lpc_chip_175x_6x\Debug\liblpc_chip_175x_6x.a(chip_17xx_40xx.o)
 .debug_abbrev  0x000008ca      0x325 C:\Users\matia\Documents\MCUXpressoIDE_11.4.0_6237\workspace\lpc_chip_175x_6x\Debug\liblpc_chip_175x_6x.a(clock_17xx_40xx.o)
 .debug_abbrev  0x00000bef      0x132 C:\Users\matia\Documents\MCUXpressoIDE_11.4.0_6237\workspace\lpc_chip_175x_6x\Debug\liblpc_chip_175x_6x.a(iocon_17xx_40xx.o)
 .debug_abbrev  0x00000d21      0x175 C:\Users\matia\Documents\MCUXpressoIDE_11.4.0_6237\workspace\lpc_chip_175x_6x\Debug\liblpc_chip_175x_6x.a(sysinit_17xx_40xx.o)
 .debug_abbrev  0x00000e96      0x322 C:\Users\matia\Documents\MCUXpressoIDE_11.4.0_6237\workspace\lpc_chip_175x_6x\Debug\liblpc_chip_175x_6x.a(uart_17xx_40xx.o)

.debug_aranges  0x00000000      0x580
 .debug_aranges
                0x00000000       0x20 ./src/Mi_primer_proyecto.o
 .debug_aranges
                0x00000020       0x80 ./src/cr_startup_lpc175x_6x.o
 .debug_aranges
                0x000000a0       0x18 ./src/crp.o
 .debug_aranges
                0x000000b8       0x20 ./src/sysinit.o
 .debug_aranges
                0x000000d8      0x160 C:\Users\matia\Documents\MCUXpressoIDE_11.4.0_6237\workspace\lpc_board_nxp_lpcxpresso_1769\Debug\liblpc_board_nxp_lpcxpresso_1769.a(board.o)
 .debug_aranges
                0x00000238       0x38 C:\Users\matia\Documents\MCUXpressoIDE_11.4.0_6237\workspace\lpc_board_nxp_lpcxpresso_1769\Debug\liblpc_board_nxp_lpcxpresso_1769.a(board_sysinit.o)
 .debug_aranges
                0x00000270       0x38 C:\Users\matia\Documents\MCUXpressoIDE_11.4.0_6237\workspace\lpc_chip_175x_6x\Debug\liblpc_chip_175x_6x.a(chip_17xx_40xx.o)
 .debug_aranges
                0x000002a8      0x120 C:\Users\matia\Documents\MCUXpressoIDE_11.4.0_6237\workspace\lpc_chip_175x_6x\Debug\liblpc_chip_175x_6x.a(clock_17xx_40xx.o)
 .debug_aranges
                0x000003c8       0x30 C:\Users\matia\Documents\MCUXpressoIDE_11.4.0_6237\workspace\lpc_chip_175x_6x\Debug\liblpc_chip_175x_6x.a(iocon_17xx_40xx.o)
 .debug_aranges
                0x000003f8       0x60 C:\Users\matia\Documents\MCUXpressoIDE_11.4.0_6237\workspace\lpc_chip_175x_6x\Debug\liblpc_chip_175x_6x.a(sysinit_17xx_40xx.o)
 .debug_aranges
                0x00000458      0x128 C:\Users\matia\Documents\MCUXpressoIDE_11.4.0_6237\workspace\lpc_chip_175x_6x\Debug\liblpc_chip_175x_6x.a(uart_17xx_40xx.o)

.debug_ranges   0x00000000      0x4c8
 .debug_ranges  0x00000000       0x10 ./src/Mi_primer_proyecto.o
 .debug_ranges  0x00000010       0x70 ./src/cr_startup_lpc175x_6x.o
 .debug_ranges  0x00000080       0x10 ./src/sysinit.o
 .debug_ranges  0x00000090      0x150 C:\Users\matia\Documents\MCUXpressoIDE_11.4.0_6237\workspace\lpc_board_nxp_lpcxpresso_1769\Debug\liblpc_board_nxp_lpcxpresso_1769.a(board.o)
 .debug_ranges  0x000001e0       0x28 C:\Users\matia\Documents\MCUXpressoIDE_11.4.0_6237\workspace\lpc_board_nxp_lpcxpresso_1769\Debug\liblpc_board_nxp_lpcxpresso_1769.a(board_sysinit.o)
 .debug_ranges  0x00000208       0x28 C:\Users\matia\Documents\MCUXpressoIDE_11.4.0_6237\workspace\lpc_chip_175x_6x\Debug\liblpc_chip_175x_6x.a(chip_17xx_40xx.o)
 .debug_ranges  0x00000230      0x110 C:\Users\matia\Documents\MCUXpressoIDE_11.4.0_6237\workspace\lpc_chip_175x_6x\Debug\liblpc_chip_175x_6x.a(clock_17xx_40xx.o)
 .debug_ranges  0x00000340       0x20 C:\Users\matia\Documents\MCUXpressoIDE_11.4.0_6237\workspace\lpc_chip_175x_6x\Debug\liblpc_chip_175x_6x.a(iocon_17xx_40xx.o)
 .debug_ranges  0x00000360       0x50 C:\Users\matia\Documents\MCUXpressoIDE_11.4.0_6237\workspace\lpc_chip_175x_6x\Debug\liblpc_chip_175x_6x.a(sysinit_17xx_40xx.o)
 .debug_ranges  0x000003b0      0x118 C:\Users\matia\Documents\MCUXpressoIDE_11.4.0_6237\workspace\lpc_chip_175x_6x\Debug\liblpc_chip_175x_6x.a(uart_17xx_40xx.o)

.debug_macro    0x00000000     0x57b7
 .debug_macro   0x00000000      0x220 ./src/Mi_primer_proyecto.o
 .debug_macro   0x00000220      0xa7e ./src/Mi_primer_proyecto.o
 .debug_macro   0x00000c9e       0x10 ./src/Mi_primer_proyecto.o
 .debug_macro   0x00000cae      0x12e ./src/Mi_primer_proyecto.o
 .debug_macro   0x00000ddc      0x5b3 ./src/Mi_primer_proyecto.o
 .debug_macro   0x0000138f       0x22 ./src/Mi_primer_proyecto.o
 .debug_macro   0x000013b1       0x7b ./src/Mi_primer_proyecto.o
 .debug_macro   0x0000142c       0x10 ./src/Mi_primer_proyecto.o
 .debug_macro   0x0000143c       0x2d ./src/Mi_primer_proyecto.o
 .debug_macro   0x00001469       0x3a ./src/Mi_primer_proyecto.o
 .debug_macro   0x000014a3       0x2d ./src/Mi_primer_proyecto.o
 .debug_macro   0x000014d0      0xbb1 ./src/Mi_primer_proyecto.o
 .debug_macro   0x00002081      0x22c ./src/Mi_primer_proyecto.o
 .debug_macro   0x000022ad       0x42 ./src/Mi_primer_proyecto.o
 .debug_macro   0x000022ef       0x52 ./src/Mi_primer_proyecto.o
 .debug_macro   0x00002341       0x78 ./src/Mi_primer_proyecto.o
 .debug_macro   0x000023b9       0x82 ./src/Mi_primer_proyecto.o
 .debug_macro   0x0000243b      0x48c ./src/Mi_primer_proyecto.o
 .debug_macro   0x000028c7       0x34 ./src/Mi_primer_proyecto.o
 .debug_macro   0x000028fb      0x4c5 ./src/Mi_primer_proyecto.o
 .debug_macro   0x00002dc0      0x1b7 ./src/Mi_primer_proyecto.o
 .debug_macro   0x00002f77       0x10 ./src/Mi_primer_proyecto.o
 .debug_macro   0x00002f87      0x21b ./src/Mi_primer_proyecto.o
 .debug_macro   0x000031a2      0x1b9 ./src/Mi_primer_proyecto.o
 .debug_macro   0x0000335b       0x40 ./src/Mi_primer_proyecto.o
 .debug_macro   0x0000339b       0x22 ./src/Mi_primer_proyecto.o
 .debug_macro   0x000033bd      0x162 ./src/Mi_primer_proyecto.o
 .debug_macro   0x0000351f       0x94 ./src/Mi_primer_proyecto.o
 .debug_macro   0x000035b3       0xb8 ./src/Mi_primer_proyecto.o
 .debug_macro   0x0000366b       0x4c ./src/Mi_primer_proyecto.o
 .debug_macro   0x000036b7       0x16 ./src/Mi_primer_proyecto.o
 .debug_macro   0x000036cd      0x328 ./src/Mi_primer_proyecto.o
 .debug_macro   0x000039f5       0x49 ./src/Mi_primer_proyecto.o
 .debug_macro   0x00003a3e       0x16 ./src/Mi_primer_proyecto.o
 .debug_macro   0x00003a54       0xca ./src/Mi_primer_proyecto.o
 .debug_macro   0x00003b1e       0x18 ./src/Mi_primer_proyecto.o
 .debug_macro   0x00003b36       0x70 ./src/Mi_primer_proyecto.o
 .debug_macro   0x00003ba6       0x9a ./src/Mi_primer_proyecto.o
 .debug_macro   0x00003c40       0x20 ./src/Mi_primer_proyecto.o
 .debug_macro   0x00003c60       0x28 ./src/Mi_primer_proyecto.o
 .debug_macro   0x00003c88       0x82 ./src/Mi_primer_proyecto.o
 .debug_macro   0x00003d0a       0x1d ./src/cr_startup_lpc175x_6x.o
 .debug_macro   0x00003d27       0x1a ./src/crp.o
 .debug_macro   0x00003d41       0x34 ./src/crp.o
 .debug_macro   0x00003d75      0x217 ./src/sysinit.o
 .debug_macro   0x00003f8c      0x289 C:\Users\matia\Documents\MCUXpressoIDE_11.4.0_6237\workspace\lpc_board_nxp_lpcxpresso_1769\Debug\liblpc_board_nxp_lpcxpresso_1769.a(board.o)
 .debug_macro   0x00004215      0xa78 C:\Users\matia\Documents\MCUXpressoIDE_11.4.0_6237\workspace\lpc_board_nxp_lpcxpresso_1769\Debug\liblpc_board_nxp_lpcxpresso_1769.a(board.o)
 .debug_macro   0x00004c8d       0x12 C:\Users\matia\Documents\MCUXpressoIDE_11.4.0_6237\workspace\lpc_board_nxp_lpcxpresso_1769\Debug\liblpc_board_nxp_lpcxpresso_1769.a(board.o)
 .debug_macro   0x00004c9f      0x217 C:\Users\matia\Documents\MCUXpressoIDE_11.4.0_6237\workspace\lpc_board_nxp_lpcxpresso_1769\Debug\liblpc_board_nxp_lpcxpresso_1769.a(board_sysinit.o)
 .debug_macro   0x00004eb6      0x1cd C:\Users\matia\Documents\MCUXpressoIDE_11.4.0_6237\workspace\lpc_chip_175x_6x\Debug\liblpc_chip_175x_6x.a(chip_17xx_40xx.o)
 .debug_macro   0x00005083      0x1cd C:\Users\matia\Documents\MCUXpressoIDE_11.4.0_6237\workspace\lpc_chip_175x_6x\Debug\liblpc_chip_175x_6x.a(clock_17xx_40xx.o)
 .debug_macro   0x00005250      0x1cd C:\Users\matia\Documents\MCUXpressoIDE_11.4.0_6237\workspace\lpc_chip_175x_6x\Debug\liblpc_chip_175x_6x.a(iocon_17xx_40xx.o)
 .debug_macro   0x0000541d      0x1cd C:\Users\matia\Documents\MCUXpressoIDE_11.4.0_6237\workspace\lpc_chip_175x_6x\Debug\liblpc_chip_175x_6x.a(sysinit_17xx_40xx.o)
 .debug_macro   0x000055ea      0x1cd C:\Users\matia\Documents\MCUXpressoIDE_11.4.0_6237\workspace\lpc_chip_175x_6x\Debug\liblpc_chip_175x_6x.a(uart_17xx_40xx.o)

.debug_line     0x00000000     0x4155
 .debug_line    0x00000000      0x5cc ./src/Mi_primer_proyecto.o
 .debug_line    0x000005cc      0x160 ./src/cr_startup_lpc175x_6x.o
 .debug_line    0x0000072c       0xb1 ./src/crp.o
 .debug_line    0x000007dd      0x51e ./src/sysinit.o
 .debug_line    0x00000cfb      0xaa0 C:\Users\matia\Documents\MCUXpressoIDE_11.4.0_6237\workspace\lpc_board_nxp_lpcxpresso_1769\Debug\liblpc_board_nxp_lpcxpresso_1769.a(board.o)
 .debug_line    0x0000179b      0x577 C:\Users\matia\Documents\MCUXpressoIDE_11.4.0_6237\workspace\lpc_board_nxp_lpcxpresso_1769\Debug\liblpc_board_nxp_lpcxpresso_1769.a(board_sysinit.o)
 .debug_line    0x00001d12      0x521 C:\Users\matia\Documents\MCUXpressoIDE_11.4.0_6237\workspace\lpc_chip_175x_6x\Debug\liblpc_chip_175x_6x.a(chip_17xx_40xx.o)
 .debug_line    0x00002233      0x988 C:\Users\matia\Documents\MCUXpressoIDE_11.4.0_6237\workspace\lpc_chip_175x_6x\Debug\liblpc_chip_175x_6x.a(clock_17xx_40xx.o)
 .debug_line    0x00002bbb      0x53d C:\Users\matia\Documents\MCUXpressoIDE_11.4.0_6237\workspace\lpc_chip_175x_6x\Debug\liblpc_chip_175x_6x.a(iocon_17xx_40xx.o)
 .debug_line    0x000030f8      0x5fa C:\Users\matia\Documents\MCUXpressoIDE_11.4.0_6237\workspace\lpc_chip_175x_6x\Debug\liblpc_chip_175x_6x.a(sysinit_17xx_40xx.o)
 .debug_line    0x000036f2      0xa63 C:\Users\matia\Documents\MCUXpressoIDE_11.4.0_6237\workspace\lpc_chip_175x_6x\Debug\liblpc_chip_175x_6x.a(uart_17xx_40xx.o)

.debug_str      0x00000000    0x13800
 .debug_str     0x00000000    0x11514 ./src/Mi_primer_proyecto.o
                              0x115e0 (size before relaxing)
 .debug_str     0x00011514      0x1c2 ./src/cr_startup_lpc175x_6x.o
                               0x2ec6 (size before relaxing)
 .debug_str     0x000116d6       0xe9 ./src/crp.o
                               0x2de7 (size before relaxing)
 .debug_str     0x000117bf       0x1b ./src/sysinit.o
                              0x111a9 (size before relaxing)
 .debug_str     0x000117da      0xfce C:\Users\matia\Documents\MCUXpressoIDE_11.4.0_6237\workspace\lpc_board_nxp_lpcxpresso_1769\Debug\liblpc_board_nxp_lpcxpresso_1769.a(board.o)
                              0x12088 (size before relaxing)
 .debug_str     0x000127a8      0x22d C:\Users\matia\Documents\MCUXpressoIDE_11.4.0_6237\workspace\lpc_board_nxp_lpcxpresso_1769\Debug\liblpc_board_nxp_lpcxpresso_1769.a(board_sysinit.o)
                              0x115ab (size before relaxing)
 .debug_str     0x000129d5       0xd7 C:\Users\matia\Documents\MCUXpressoIDE_11.4.0_6237\workspace\lpc_chip_175x_6x\Debug\liblpc_chip_175x_6x.a(chip_17xx_40xx.o)
                              0x112a3 (size before relaxing)
 .debug_str     0x00012aac      0x857 C:\Users\matia\Documents\MCUXpressoIDE_11.4.0_6237\workspace\lpc_chip_175x_6x\Debug\liblpc_chip_175x_6x.a(clock_17xx_40xx.o)
                              0x11928 (size before relaxing)
 .debug_str     0x00013303       0x79 C:\Users\matia\Documents\MCUXpressoIDE_11.4.0_6237\workspace\lpc_chip_175x_6x\Debug\liblpc_chip_175x_6x.a(iocon_17xx_40xx.o)
                              0x10d8e (size before relaxing)
 .debug_str     0x0001337c       0xc4 C:\Users\matia\Documents\MCUXpressoIDE_11.4.0_6237\workspace\lpc_chip_175x_6x\Debug\liblpc_chip_175x_6x.a(sysinit_17xx_40xx.o)
                              0x10f76 (size before relaxing)
 .debug_str     0x00013440      0x3c0 C:\Users\matia\Documents\MCUXpressoIDE_11.4.0_6237\workspace\lpc_chip_175x_6x\Debug\liblpc_chip_175x_6x.a(uart_17xx_40xx.o)
                              0x117e6 (size before relaxing)

.comment        0x00000000       0x4d
 .comment       0x00000000       0x4d ./src/Mi_primer_proyecto.o
                                 0x4e (size before relaxing)
 .comment       0x0000004d       0x4e ./src/cr_startup_lpc175x_6x.o
 .comment       0x0000004d       0x4e ./src/crp.o
 .comment       0x0000004d       0x4e ./src/sysinit.o
 .comment       0x0000004d       0x4e C:\Users\matia\Documents\MCUXpressoIDE_11.4.0_6237\workspace\lpc_board_nxp_lpcxpresso_1769\Debug\liblpc_board_nxp_lpcxpresso_1769.a(board.o)
 .comment       0x0000004d       0x4e C:\Users\matia\Documents\MCUXpressoIDE_11.4.0_6237\workspace\lpc_board_nxp_lpcxpresso_1769\Debug\liblpc_board_nxp_lpcxpresso_1769.a(board_sysinit.o)
 .comment       0x0000004d       0x4e C:\Users\matia\Documents\MCUXpressoIDE_11.4.0_6237\workspace\lpc_chip_175x_6x\Debug\liblpc_chip_175x_6x.a(chip_17xx_40xx.o)
 .comment       0x0000004d       0x4e C:\Users\matia\Documents\MCUXpressoIDE_11.4.0_6237\workspace\lpc_chip_175x_6x\Debug\liblpc_chip_175x_6x.a(clock_17xx_40xx.o)
 .comment       0x0000004d       0x4e C:\Users\matia\Documents\MCUXpressoIDE_11.4.0_6237\workspace\lpc_chip_175x_6x\Debug\liblpc_chip_175x_6x.a(iocon_17xx_40xx.o)
 .comment       0x0000004d       0x4e C:\Users\matia\Documents\MCUXpressoIDE_11.4.0_6237\workspace\lpc_chip_175x_6x\Debug\liblpc_chip_175x_6x.a(sysinit_17xx_40xx.o)
 .comment       0x0000004d       0x4e C:\Users\matia\Documents\MCUXpressoIDE_11.4.0_6237\workspace\lpc_chip_175x_6x\Debug\liblpc_chip_175x_6x.a(uart_17xx_40xx.o)
 .comment       0x0000004d       0x4e c:/nxp/mcuxpressoide_11.4.0_6237/ide/plugins/com.nxp.mcuxpresso.tools.win32_11.4.0.202103011116/tools/bin/../lib/gcc/arm-none-eabi/10.2.1/../../../../arm-none-eabi/lib/thumb/v7-m/nofp\libcr_c.a(__weak__main.o)

.ARM.attributes
                0x00000000       0x2b
 .ARM.attributes
                0x00000000       0x2d ./src/Mi_primer_proyecto.o
 .ARM.attributes
                0x0000002d       0x2d ./src/cr_startup_lpc175x_6x.o
 .ARM.attributes
                0x0000005a       0x33 ./src/crp.o
 .ARM.attributes
                0x0000008d       0x2d ./src/sysinit.o
 .ARM.attributes
                0x000000ba       0x2d C:\Users\matia\Documents\MCUXpressoIDE_11.4.0_6237\workspace\lpc_board_nxp_lpcxpresso_1769\Debug\liblpc_board_nxp_lpcxpresso_1769.a(board.o)
 .ARM.attributes
                0x000000e7       0x2d C:\Users\matia\Documents\MCUXpressoIDE_11.4.0_6237\workspace\lpc_board_nxp_lpcxpresso_1769\Debug\liblpc_board_nxp_lpcxpresso_1769.a(board_sysinit.o)
 .ARM.attributes
                0x00000114       0x2d C:\Users\matia\Documents\MCUXpressoIDE_11.4.0_6237\workspace\lpc_chip_175x_6x\Debug\liblpc_chip_175x_6x.a(chip_17xx_40xx.o)
 .ARM.attributes
                0x00000141       0x2d C:\Users\matia\Documents\MCUXpressoIDE_11.4.0_6237\workspace\lpc_chip_175x_6x\Debug\liblpc_chip_175x_6x.a(clock_17xx_40xx.o)
 .ARM.attributes
                0x0000016e       0x2d C:\Users\matia\Documents\MCUXpressoIDE_11.4.0_6237\workspace\lpc_chip_175x_6x\Debug\liblpc_chip_175x_6x.a(iocon_17xx_40xx.o)
 .ARM.attributes
                0x0000019b       0x2d C:\Users\matia\Documents\MCUXpressoIDE_11.4.0_6237\workspace\lpc_chip_175x_6x\Debug\liblpc_chip_175x_6x.a(sysinit_17xx_40xx.o)
 .ARM.attributes
                0x000001c8       0x2d C:\Users\matia\Documents\MCUXpressoIDE_11.4.0_6237\workspace\lpc_chip_175x_6x\Debug\liblpc_chip_175x_6x.a(uart_17xx_40xx.o)
 .ARM.attributes
                0x000001f5       0x2d c:/nxp/mcuxpressoide_11.4.0_6237/ide/plugins/com.nxp.mcuxpresso.tools.win32_11.4.0.202103011116/tools/bin/../lib/gcc/arm-none-eabi/10.2.1/../../../../arm-none-eabi/lib/thumb/v7-m/nofp\libcr_c.a(__weak__main.o)

.debug_frame    0x00000000     0x1430
 .debug_frame   0x00000000       0x30 ./src/Mi_primer_proyecto.o
 .debug_frame   0x00000030      0x170 ./src/cr_startup_lpc175x_6x.o
 .debug_frame   0x000001a0       0x34 ./src/sysinit.o
 .debug_frame   0x000001d4      0x5d4 C:\Users\matia\Documents\MCUXpressoIDE_11.4.0_6237\workspace\lpc_board_nxp_lpcxpresso_1769\Debug\liblpc_board_nxp_lpcxpresso_1769.a(board.o)
 .debug_frame   0x000007a8       0x8c C:\Users\matia\Documents\MCUXpressoIDE_11.4.0_6237\workspace\lpc_board_nxp_lpcxpresso_1769\Debug\liblpc_board_nxp_lpcxpresso_1769.a(board_sysinit.o)
 .debug_frame   0x00000834       0x88 C:\Users\matia\Documents\MCUXpressoIDE_11.4.0_6237\workspace\lpc_chip_175x_6x\Debug\liblpc_chip_175x_6x.a(chip_17xx_40xx.o)
 .debug_frame   0x000008bc      0x490 C:\Users\matia\Documents\MCUXpressoIDE_11.4.0_6237\workspace\lpc_chip_175x_6x\Debug\liblpc_chip_175x_6x.a(clock_17xx_40xx.o)
 .debug_frame   0x00000d4c       0x80 C:\Users\matia\Documents\MCUXpressoIDE_11.4.0_6237\workspace\lpc_chip_175x_6x\Debug\liblpc_chip_175x_6x.a(iocon_17xx_40xx.o)
 .debug_frame   0x00000dcc      0x12c C:\Users\matia\Documents\MCUXpressoIDE_11.4.0_6237\workspace\lpc_chip_175x_6x\Debug\liblpc_chip_175x_6x.a(sysinit_17xx_40xx.o)
 .debug_frame   0x00000ef8      0x538 C:\Users\matia\Documents\MCUXpressoIDE_11.4.0_6237\workspace\lpc_chip_175x_6x\Debug\liblpc_chip_175x_6x.a(uart_17xx_40xx.o)

Cross Reference Table

Symbol                                            File
ADC_IRQHandler                                    ./src/cr_startup_lpc175x_6x.o
BOD_IRQHandler                                    ./src/cr_startup_lpc175x_6x.o
Board_Audio_Init                                  C:\Users\matia\Documents\MCUXpressoIDE_11.4.0_6237\workspace\lpc_board_nxp_lpcxpresso_1769\Debug\liblpc_board_nxp_lpcxpresso_1769.a(board.o)
Board_Buttons_Init                                C:\Users\matia\Documents\MCUXpressoIDE_11.4.0_6237\workspace\lpc_board_nxp_lpcxpresso_1769\Debug\liblpc_board_nxp_lpcxpresso_1769.a(board.o)
Board_Debug_Init                                  C:\Users\matia\Documents\MCUXpressoIDE_11.4.0_6237\workspace\lpc_board_nxp_lpcxpresso_1769\Debug\liblpc_board_nxp_lpcxpresso_1769.a(board.o)
Board_ENET_GetMacADDR                             C:\Users\matia\Documents\MCUXpressoIDE_11.4.0_6237\workspace\lpc_board_nxp_lpcxpresso_1769\Debug\liblpc_board_nxp_lpcxpresso_1769.a(board.o)
Board_I2C_Init                                    C:\Users\matia\Documents\MCUXpressoIDE_11.4.0_6237\workspace\lpc_board_nxp_lpcxpresso_1769\Debug\liblpc_board_nxp_lpcxpresso_1769.a(board.o)
Board_Init                                        C:\Users\matia\Documents\MCUXpressoIDE_11.4.0_6237\workspace\lpc_board_nxp_lpcxpresso_1769\Debug\liblpc_board_nxp_lpcxpresso_1769.a(board.o)
                                                  ./src/Mi_primer_proyecto.o
Board_Joystick_Init                               C:\Users\matia\Documents\MCUXpressoIDE_11.4.0_6237\workspace\lpc_board_nxp_lpcxpresso_1769\Debug\liblpc_board_nxp_lpcxpresso_1769.a(board.o)
Board_LED_Set                                     C:\Users\matia\Documents\MCUXpressoIDE_11.4.0_6237\workspace\lpc_board_nxp_lpcxpresso_1769\Debug\liblpc_board_nxp_lpcxpresso_1769.a(board.o)
                                                  ./src/Mi_primer_proyecto.o
Board_LED_Test                                    C:\Users\matia\Documents\MCUXpressoIDE_11.4.0_6237\workspace\lpc_board_nxp_lpcxpresso_1769\Debug\liblpc_board_nxp_lpcxpresso_1769.a(board.o)
Board_LED_Toggle                                  C:\Users\matia\Documents\MCUXpressoIDE_11.4.0_6237\workspace\lpc_board_nxp_lpcxpresso_1769\Debug\liblpc_board_nxp_lpcxpresso_1769.a(board.o)
Board_SPI_AssertSSEL                              C:\Users\matia\Documents\MCUXpressoIDE_11.4.0_6237\workspace\lpc_board_nxp_lpcxpresso_1769\Debug\liblpc_board_nxp_lpcxpresso_1769.a(board.o)
Board_SPI_DeassertSSEL                            C:\Users\matia\Documents\MCUXpressoIDE_11.4.0_6237\workspace\lpc_board_nxp_lpcxpresso_1769\Debug\liblpc_board_nxp_lpcxpresso_1769.a(board.o)
Board_SPI_Init                                    C:\Users\matia\Documents\MCUXpressoIDE_11.4.0_6237\workspace\lpc_board_nxp_lpcxpresso_1769\Debug\liblpc_board_nxp_lpcxpresso_1769.a(board.o)
Board_SSP_Init                                    C:\Users\matia\Documents\MCUXpressoIDE_11.4.0_6237\workspace\lpc_board_nxp_lpcxpresso_1769\Debug\liblpc_board_nxp_lpcxpresso_1769.a(board.o)
Board_SetupClocking                               C:\Users\matia\Documents\MCUXpressoIDE_11.4.0_6237\workspace\lpc_board_nxp_lpcxpresso_1769\Debug\liblpc_board_nxp_lpcxpresso_1769.a(board_sysinit.o)
Board_SetupMuxing                                 C:\Users\matia\Documents\MCUXpressoIDE_11.4.0_6237\workspace\lpc_board_nxp_lpcxpresso_1769\Debug\liblpc_board_nxp_lpcxpresso_1769.a(board_sysinit.o)
Board_SystemInit                                  C:\Users\matia\Documents\MCUXpressoIDE_11.4.0_6237\workspace\lpc_board_nxp_lpcxpresso_1769\Debug\liblpc_board_nxp_lpcxpresso_1769.a(board_sysinit.o)
                                                  ./src/sysinit.o
Board_UARTGetChar                                 C:\Users\matia\Documents\MCUXpressoIDE_11.4.0_6237\workspace\lpc_board_nxp_lpcxpresso_1769\Debug\liblpc_board_nxp_lpcxpresso_1769.a(board.o)
Board_UARTPutChar                                 C:\Users\matia\Documents\MCUXpressoIDE_11.4.0_6237\workspace\lpc_board_nxp_lpcxpresso_1769\Debug\liblpc_board_nxp_lpcxpresso_1769.a(board.o)
Board_UARTPutSTR                                  C:\Users\matia\Documents\MCUXpressoIDE_11.4.0_6237\workspace\lpc_board_nxp_lpcxpresso_1769\Debug\liblpc_board_nxp_lpcxpresso_1769.a(board.o)
Board_UART_Init                                   C:\Users\matia\Documents\MCUXpressoIDE_11.4.0_6237\workspace\lpc_board_nxp_lpcxpresso_1769\Debug\liblpc_board_nxp_lpcxpresso_1769.a(board.o)
Board_USBD_Init                                   C:\Users\matia\Documents\MCUXpressoIDE_11.4.0_6237\workspace\lpc_board_nxp_lpcxpresso_1769\Debug\liblpc_board_nxp_lpcxpresso_1769.a(board.o)
BusFault_Handler                                  ./src/cr_startup_lpc175x_6x.o
Buttons_GetStatus                                 C:\Users\matia\Documents\MCUXpressoIDE_11.4.0_6237\workspace\lpc_board_nxp_lpcxpresso_1769\Debug\liblpc_board_nxp_lpcxpresso_1769.a(board.o)
CANActivity_IRQHandler                            ./src/cr_startup_lpc175x_6x.o
CAN_IRQHandler                                    ./src/cr_startup_lpc175x_6x.o
CRP_WORD                                          ./src/crp.o
Chip_Clock_DisablePLL                             C:\Users\matia\Documents\MCUXpressoIDE_11.4.0_6237\workspace\lpc_chip_175x_6x\Debug\liblpc_chip_175x_6x.a(clock_17xx_40xx.o)
                                                  C:\Users\matia\Documents\MCUXpressoIDE_11.4.0_6237\workspace\lpc_chip_175x_6x\Debug\liblpc_chip_175x_6x.a(sysinit_17xx_40xx.o)
Chip_Clock_DisablePeriphClock                     C:\Users\matia\Documents\MCUXpressoIDE_11.4.0_6237\workspace\lpc_chip_175x_6x\Debug\liblpc_chip_175x_6x.a(clock_17xx_40xx.o)
                                                  C:\Users\matia\Documents\MCUXpressoIDE_11.4.0_6237\workspace\lpc_chip_175x_6x\Debug\liblpc_chip_175x_6x.a(uart_17xx_40xx.o)
                                                  C:\Users\matia\Documents\MCUXpressoIDE_11.4.0_6237\workspace\lpc_chip_175x_6x\Debug\liblpc_chip_175x_6x.a(i2s_17xx_40xx.o)
Chip_Clock_EnablePLL                              C:\Users\matia\Documents\MCUXpressoIDE_11.4.0_6237\workspace\lpc_chip_175x_6x\Debug\liblpc_chip_175x_6x.a(clock_17xx_40xx.o)
                                                  C:\Users\matia\Documents\MCUXpressoIDE_11.4.0_6237\workspace\lpc_chip_175x_6x\Debug\liblpc_chip_175x_6x.a(sysinit_17xx_40xx.o)
                                                  C:\Users\matia\Documents\MCUXpressoIDE_11.4.0_6237\workspace\lpc_chip_175x_6x\Debug\liblpc_chip_175x_6x.a(chip_17xx_40xx.o)
Chip_Clock_EnablePeriphClock                      C:\Users\matia\Documents\MCUXpressoIDE_11.4.0_6237\workspace\lpc_chip_175x_6x\Debug\liblpc_chip_175x_6x.a(clock_17xx_40xx.o)
                                                  C:\Users\matia\Documents\MCUXpressoIDE_11.4.0_6237\workspace\lpc_chip_175x_6x\Debug\liblpc_chip_175x_6x.a(uart_17xx_40xx.o)
                                                  C:\Users\matia\Documents\MCUXpressoIDE_11.4.0_6237\workspace\lpc_chip_175x_6x\Debug\liblpc_chip_175x_6x.a(i2s_17xx_40xx.o)
                                                  C:\Users\matia\Documents\MCUXpressoIDE_11.4.0_6237\workspace\lpc_chip_175x_6x\Debug\liblpc_chip_175x_6x.a(chip_17xx_40xx.o)
                                                  C:\Users\matia\Documents\MCUXpressoIDE_11.4.0_6237\workspace\lpc_board_nxp_lpcxpresso_1769\Debug\liblpc_board_nxp_lpcxpresso_1769.a(board.o)
Chip_Clock_GetCPUClockDiv                         C:\Users\matia\Documents\MCUXpressoIDE_11.4.0_6237\workspace\lpc_chip_175x_6x\Debug\liblpc_chip_175x_6x.a(clock_17xx_40xx.o)
Chip_Clock_GetCPUClockSource                      C:\Users\matia\Documents\MCUXpressoIDE_11.4.0_6237\workspace\lpc_chip_175x_6x\Debug\liblpc_chip_175x_6x.a(clock_17xx_40xx.o)
Chip_Clock_GetMainClockRate                       C:\Users\matia\Documents\MCUXpressoIDE_11.4.0_6237\workspace\lpc_chip_175x_6x\Debug\liblpc_chip_175x_6x.a(clock_17xx_40xx.o)
Chip_Clock_GetMainPLLOutClockRate                 C:\Users\matia\Documents\MCUXpressoIDE_11.4.0_6237\workspace\lpc_chip_175x_6x\Debug\liblpc_chip_175x_6x.a(clock_17xx_40xx.o)
Chip_Clock_GetPCLKDiv                             C:\Users\matia\Documents\MCUXpressoIDE_11.4.0_6237\workspace\lpc_chip_175x_6x\Debug\liblpc_chip_175x_6x.a(clock_17xx_40xx.o)
Chip_Clock_GetPeripheralClockRate                 C:\Users\matia\Documents\MCUXpressoIDE_11.4.0_6237\workspace\lpc_chip_175x_6x\Debug\liblpc_chip_175x_6x.a(clock_17xx_40xx.o)
                                                  C:\Users\matia\Documents\MCUXpressoIDE_11.4.0_6237\workspace\lpc_chip_175x_6x\Debug\liblpc_chip_175x_6x.a(uart_17xx_40xx.o)
                                                  C:\Users\matia\Documents\MCUXpressoIDE_11.4.0_6237\workspace\lpc_chip_175x_6x\Debug\liblpc_chip_175x_6x.a(i2s_17xx_40xx.o)
Chip_Clock_GetSYSCLKRate                          C:\Users\matia\Documents\MCUXpressoIDE_11.4.0_6237\workspace\lpc_chip_175x_6x\Debug\liblpc_chip_175x_6x.a(clock_17xx_40xx.o)
Chip_Clock_GetSystemClockRate                     C:\Users\matia\Documents\MCUXpressoIDE_11.4.0_6237\workspace\lpc_chip_175x_6x\Debug\liblpc_chip_175x_6x.a(clock_17xx_40xx.o)
                                                  C:\Users\matia\Documents\MCUXpressoIDE_11.4.0_6237\workspace\lpc_chip_175x_6x\Debug\liblpc_chip_175x_6x.a(chip_17xx_40xx.o)
Chip_Clock_GetUSBClockDiv                         C:\Users\matia\Documents\MCUXpressoIDE_11.4.0_6237\workspace\lpc_chip_175x_6x\Debug\liblpc_chip_175x_6x.a(clock_17xx_40xx.o)
Chip_Clock_GetUSBClockRate                        C:\Users\matia\Documents\MCUXpressoIDE_11.4.0_6237\workspace\lpc_chip_175x_6x\Debug\liblpc_chip_175x_6x.a(clock_17xx_40xx.o)
Chip_Clock_GetUSBPLLOutClockRate                  C:\Users\matia\Documents\MCUXpressoIDE_11.4.0_6237\workspace\lpc_chip_175x_6x\Debug\liblpc_chip_175x_6x.a(clock_17xx_40xx.o)
Chip_Clock_IsPeripheralClockEnabled               C:\Users\matia\Documents\MCUXpressoIDE_11.4.0_6237\workspace\lpc_chip_175x_6x\Debug\liblpc_chip_175x_6x.a(clock_17xx_40xx.o)
Chip_Clock_SetCLKOUTSource                        C:\Users\matia\Documents\MCUXpressoIDE_11.4.0_6237\workspace\lpc_chip_175x_6x\Debug\liblpc_chip_175x_6x.a(clock_17xx_40xx.o)
Chip_Clock_SetCPUClockDiv                         C:\Users\matia\Documents\MCUXpressoIDE_11.4.0_6237\workspace\lpc_chip_175x_6x\Debug\liblpc_chip_175x_6x.a(clock_17xx_40xx.o)
                                                  C:\Users\matia\Documents\MCUXpressoIDE_11.4.0_6237\workspace\lpc_chip_175x_6x\Debug\liblpc_chip_175x_6x.a(sysinit_17xx_40xx.o)
Chip_Clock_SetCPUClockSource                      C:\Users\matia\Documents\MCUXpressoIDE_11.4.0_6237\workspace\lpc_chip_175x_6x\Debug\liblpc_chip_175x_6x.a(clock_17xx_40xx.o)
Chip_Clock_SetPCLKDiv                             C:\Users\matia\Documents\MCUXpressoIDE_11.4.0_6237\workspace\lpc_chip_175x_6x\Debug\liblpc_chip_175x_6x.a(clock_17xx_40xx.o)
Chip_Clock_SetUSBClockDiv                         C:\Users\matia\Documents\MCUXpressoIDE_11.4.0_6237\workspace\lpc_chip_175x_6x\Debug\liblpc_chip_175x_6x.a(clock_17xx_40xx.o)
Chip_Clock_SetupPLL                               C:\Users\matia\Documents\MCUXpressoIDE_11.4.0_6237\workspace\lpc_chip_175x_6x\Debug\liblpc_chip_175x_6x.a(clock_17xx_40xx.o)
                                                  C:\Users\matia\Documents\MCUXpressoIDE_11.4.0_6237\workspace\lpc_chip_175x_6x\Debug\liblpc_chip_175x_6x.a(sysinit_17xx_40xx.o)
                                                  C:\Users\matia\Documents\MCUXpressoIDE_11.4.0_6237\workspace\lpc_chip_175x_6x\Debug\liblpc_chip_175x_6x.a(chip_17xx_40xx.o)
Chip_I2S_DMA_RxCmd                                C:\Users\matia\Documents\MCUXpressoIDE_11.4.0_6237\workspace\lpc_chip_175x_6x\Debug\liblpc_chip_175x_6x.a(i2s_17xx_40xx.o)
Chip_I2S_DMA_TxCmd                                C:\Users\matia\Documents\MCUXpressoIDE_11.4.0_6237\workspace\lpc_chip_175x_6x\Debug\liblpc_chip_175x_6x.a(i2s_17xx_40xx.o)
Chip_I2S_DeInit                                   C:\Users\matia\Documents\MCUXpressoIDE_11.4.0_6237\workspace\lpc_chip_175x_6x\Debug\liblpc_chip_175x_6x.a(i2s_17xx_40xx.o)
Chip_I2S_Init                                     C:\Users\matia\Documents\MCUXpressoIDE_11.4.0_6237\workspace\lpc_chip_175x_6x\Debug\liblpc_chip_175x_6x.a(i2s_17xx_40xx.o)
                                                  C:\Users\matia\Documents\MCUXpressoIDE_11.4.0_6237\workspace\lpc_board_nxp_lpcxpresso_1769\Debug\liblpc_board_nxp_lpcxpresso_1769.a(board.o)
Chip_I2S_Int_RxCmd                                C:\Users\matia\Documents\MCUXpressoIDE_11.4.0_6237\workspace\lpc_chip_175x_6x\Debug\liblpc_chip_175x_6x.a(i2s_17xx_40xx.o)
Chip_I2S_Int_TxCmd                                C:\Users\matia\Documents\MCUXpressoIDE_11.4.0_6237\workspace\lpc_chip_175x_6x\Debug\liblpc_chip_175x_6x.a(i2s_17xx_40xx.o)
Chip_I2S_RxConfig                                 C:\Users\matia\Documents\MCUXpressoIDE_11.4.0_6237\workspace\lpc_chip_175x_6x\Debug\liblpc_chip_175x_6x.a(i2s_17xx_40xx.o)
Chip_I2S_TxConfig                                 C:\Users\matia\Documents\MCUXpressoIDE_11.4.0_6237\workspace\lpc_chip_175x_6x\Debug\liblpc_chip_175x_6x.a(i2s_17xx_40xx.o)
                                                  C:\Users\matia\Documents\MCUXpressoIDE_11.4.0_6237\workspace\lpc_board_nxp_lpcxpresso_1769\Debug\liblpc_board_nxp_lpcxpresso_1769.a(board.o)
Chip_IOCON_PinMux                                 C:\Users\matia\Documents\MCUXpressoIDE_11.4.0_6237\workspace\lpc_chip_175x_6x\Debug\liblpc_chip_175x_6x.a(iocon_17xx_40xx.o)
                                                  C:\Users\matia\Documents\MCUXpressoIDE_11.4.0_6237\workspace\lpc_board_nxp_lpcxpresso_1769\Debug\liblpc_board_nxp_lpcxpresso_1769.a(board.o)
Chip_IOCON_PinMuxSet                              C:\Users\matia\Documents\MCUXpressoIDE_11.4.0_6237\workspace\lpc_chip_175x_6x\Debug\liblpc_chip_175x_6x.a(iocon_17xx_40xx.o)
Chip_IOCON_SetPinMuxing                           C:\Users\matia\Documents\MCUXpressoIDE_11.4.0_6237\workspace\lpc_chip_175x_6x\Debug\liblpc_chip_175x_6x.a(iocon_17xx_40xx.o)
                                                  C:\Users\matia\Documents\MCUXpressoIDE_11.4.0_6237\workspace\lpc_board_nxp_lpcxpresso_1769\Debug\liblpc_board_nxp_lpcxpresso_1769.a(board_sysinit.o)
Chip_SetupIrcClocking                             C:\Users\matia\Documents\MCUXpressoIDE_11.4.0_6237\workspace\lpc_chip_175x_6x\Debug\liblpc_chip_175x_6x.a(sysinit_17xx_40xx.o)
Chip_SetupXtalClocking                            C:\Users\matia\Documents\MCUXpressoIDE_11.4.0_6237\workspace\lpc_chip_175x_6x\Debug\liblpc_chip_175x_6x.a(sysinit_17xx_40xx.o)
                                                  C:\Users\matia\Documents\MCUXpressoIDE_11.4.0_6237\workspace\lpc_board_nxp_lpcxpresso_1769\Debug\liblpc_board_nxp_lpcxpresso_1769.a(board_sysinit.o)
Chip_SystemInit                                   C:\Users\matia\Documents\MCUXpressoIDE_11.4.0_6237\workspace\lpc_chip_175x_6x\Debug\liblpc_chip_175x_6x.a(sysinit_17xx_40xx.o)
Chip_UART_ABCmd                                   C:\Users\matia\Documents\MCUXpressoIDE_11.4.0_6237\workspace\lpc_chip_175x_6x\Debug\liblpc_chip_175x_6x.a(uart_17xx_40xx.o)
Chip_UART_CheckBusy                               C:\Users\matia\Documents\MCUXpressoIDE_11.4.0_6237\workspace\lpc_chip_175x_6x\Debug\liblpc_chip_175x_6x.a(uart_17xx_40xx.o)
Chip_UART_DeInit                                  C:\Users\matia\Documents\MCUXpressoIDE_11.4.0_6237\workspace\lpc_chip_175x_6x\Debug\liblpc_chip_175x_6x.a(uart_17xx_40xx.o)
Chip_UART_GetABEOStatus                           C:\Users\matia\Documents\MCUXpressoIDE_11.4.0_6237\workspace\lpc_chip_175x_6x\Debug\liblpc_chip_175x_6x.a(uart_17xx_40xx.o)
Chip_UART_IRQRBHandler                            C:\Users\matia\Documents\MCUXpressoIDE_11.4.0_6237\workspace\lpc_chip_175x_6x\Debug\liblpc_chip_175x_6x.a(uart_17xx_40xx.o)
Chip_UART_Init                                    C:\Users\matia\Documents\MCUXpressoIDE_11.4.0_6237\workspace\lpc_chip_175x_6x\Debug\liblpc_chip_175x_6x.a(uart_17xx_40xx.o)
                                                  C:\Users\matia\Documents\MCUXpressoIDE_11.4.0_6237\workspace\lpc_board_nxp_lpcxpresso_1769\Debug\liblpc_board_nxp_lpcxpresso_1769.a(board.o)
Chip_UART_RXIntHandlerRB                          C:\Users\matia\Documents\MCUXpressoIDE_11.4.0_6237\workspace\lpc_chip_175x_6x\Debug\liblpc_chip_175x_6x.a(uart_17xx_40xx.o)
Chip_UART_Read                                    C:\Users\matia\Documents\MCUXpressoIDE_11.4.0_6237\workspace\lpc_chip_175x_6x\Debug\liblpc_chip_175x_6x.a(uart_17xx_40xx.o)
Chip_UART_ReadBlocking                            C:\Users\matia\Documents\MCUXpressoIDE_11.4.0_6237\workspace\lpc_chip_175x_6x\Debug\liblpc_chip_175x_6x.a(uart_17xx_40xx.o)
Chip_UART_ReadRB                                  C:\Users\matia\Documents\MCUXpressoIDE_11.4.0_6237\workspace\lpc_chip_175x_6x\Debug\liblpc_chip_175x_6x.a(uart_17xx_40xx.o)
Chip_UART_Send                                    C:\Users\matia\Documents\MCUXpressoIDE_11.4.0_6237\workspace\lpc_chip_175x_6x\Debug\liblpc_chip_175x_6x.a(uart_17xx_40xx.o)
Chip_UART_SendBlocking                            C:\Users\matia\Documents\MCUXpressoIDE_11.4.0_6237\workspace\lpc_chip_175x_6x\Debug\liblpc_chip_175x_6x.a(uart_17xx_40xx.o)
Chip_UART_SendRB                                  C:\Users\matia\Documents\MCUXpressoIDE_11.4.0_6237\workspace\lpc_chip_175x_6x\Debug\liblpc_chip_175x_6x.a(uart_17xx_40xx.o)
Chip_UART_SetBaud                                 C:\Users\matia\Documents\MCUXpressoIDE_11.4.0_6237\workspace\lpc_chip_175x_6x\Debug\liblpc_chip_175x_6x.a(uart_17xx_40xx.o)
                                                  C:\Users\matia\Documents\MCUXpressoIDE_11.4.0_6237\workspace\lpc_board_nxp_lpcxpresso_1769\Debug\liblpc_board_nxp_lpcxpresso_1769.a(board.o)
Chip_UART_SetBaudFDR                              C:\Users\matia\Documents\MCUXpressoIDE_11.4.0_6237\workspace\lpc_chip_175x_6x\Debug\liblpc_chip_175x_6x.a(uart_17xx_40xx.o)
Chip_UART_TXDisable                               C:\Users\matia\Documents\MCUXpressoIDE_11.4.0_6237\workspace\lpc_chip_175x_6x\Debug\liblpc_chip_175x_6x.a(uart_17xx_40xx.o)
Chip_UART_TXEnable                                C:\Users\matia\Documents\MCUXpressoIDE_11.4.0_6237\workspace\lpc_chip_175x_6x\Debug\liblpc_chip_175x_6x.a(uart_17xx_40xx.o)
                                                  C:\Users\matia\Documents\MCUXpressoIDE_11.4.0_6237\workspace\lpc_board_nxp_lpcxpresso_1769\Debug\liblpc_board_nxp_lpcxpresso_1769.a(board.o)
Chip_UART_TXIntHandlerRB                          C:\Users\matia\Documents\MCUXpressoIDE_11.4.0_6237\workspace\lpc_chip_175x_6x\Debug\liblpc_chip_175x_6x.a(uart_17xx_40xx.o)
Chip_USB_Init                                     C:\Users\matia\Documents\MCUXpressoIDE_11.4.0_6237\workspace\lpc_chip_175x_6x\Debug\liblpc_chip_175x_6x.a(chip_17xx_40xx.o)
DMA_IRQHandler                                    ./src/cr_startup_lpc175x_6x.o
DebugMon_Handler                                  ./src/cr_startup_lpc175x_6x.o
EINT0_IRQHandler                                  ./src/cr_startup_lpc175x_6x.o
EINT1_IRQHandler                                  ./src/cr_startup_lpc175x_6x.o
EINT2_IRQHandler                                  ./src/cr_startup_lpc175x_6x.o
EINT3_IRQHandler                                  ./src/cr_startup_lpc175x_6x.o
ETH_IRQHandler                                    ./src/cr_startup_lpc175x_6x.o
HardFault_Handler                                 ./src/cr_startup_lpc175x_6x.o
I2C0_IRQHandler                                   ./src/cr_startup_lpc175x_6x.o
I2C1_IRQHandler                                   ./src/cr_startup_lpc175x_6x.o
I2C2_IRQHandler                                   ./src/cr_startup_lpc175x_6x.o
I2S_IRQHandler                                    ./src/cr_startup_lpc175x_6x.o
IntDefaultHandler                                 ./src/cr_startup_lpc175x_6x.o
Joystick_GetStatus                                C:\Users\matia\Documents\MCUXpressoIDE_11.4.0_6237\workspace\lpc_board_nxp_lpcxpresso_1769\Debug\liblpc_board_nxp_lpcxpresso_1769.a(board.o)
MCPWM_IRQHandler                                  ./src/cr_startup_lpc175x_6x.o
MemManage_Handler                                 ./src/cr_startup_lpc175x_6x.o
NMI_Handler                                       ./src/cr_startup_lpc175x_6x.o
OscRateIn                                         C:\Users\matia\Documents\MCUXpressoIDE_11.4.0_6237\workspace\lpc_board_nxp_lpcxpresso_1769\Debug\liblpc_board_nxp_lpcxpresso_1769.a(board.o)
                                                  C:\Users\matia\Documents\MCUXpressoIDE_11.4.0_6237\workspace\lpc_chip_175x_6x\Debug\liblpc_chip_175x_6x.a(clock_17xx_40xx.o)
PLL0_IRQHandler                                   ./src/cr_startup_lpc175x_6x.o
PLL1_IRQHandler                                   ./src/cr_startup_lpc175x_6x.o
PWM1_IRQHandler                                   ./src/cr_startup_lpc175x_6x.o
PendSV_Handler                                    ./src/cr_startup_lpc175x_6x.o
QEI_IRQHandler                                    ./src/cr_startup_lpc175x_6x.o
RIT_IRQHandler                                    ./src/cr_startup_lpc175x_6x.o
RTCOscRateIn                                      C:\Users\matia\Documents\MCUXpressoIDE_11.4.0_6237\workspace\lpc_board_nxp_lpcxpresso_1769\Debug\liblpc_board_nxp_lpcxpresso_1769.a(board.o)
                                                  C:\Users\matia\Documents\MCUXpressoIDE_11.4.0_6237\workspace\lpc_chip_175x_6x\Debug\liblpc_chip_175x_6x.a(clock_17xx_40xx.o)
RTC_IRQHandler                                    ./src/cr_startup_lpc175x_6x.o
ResetISR                                          ./src/cr_startup_lpc175x_6x.o
RingBuffer_Init                                   C:\Users\matia\Documents\MCUXpressoIDE_11.4.0_6237\workspace\lpc_chip_175x_6x\Debug\liblpc_chip_175x_6x.a(ring_buffer.o)
RingBuffer_Insert                                 C:\Users\matia\Documents\MCUXpressoIDE_11.4.0_6237\workspace\lpc_chip_175x_6x\Debug\liblpc_chip_175x_6x.a(ring_buffer.o)
                                                  C:\Users\matia\Documents\MCUXpressoIDE_11.4.0_6237\workspace\lpc_chip_175x_6x\Debug\liblpc_chip_175x_6x.a(uart_17xx_40xx.o)
RingBuffer_InsertMult                             C:\Users\matia\Documents\MCUXpressoIDE_11.4.0_6237\workspace\lpc_chip_175x_6x\Debug\liblpc_chip_175x_6x.a(ring_buffer.o)
                                                  C:\Users\matia\Documents\MCUXpressoIDE_11.4.0_6237\workspace\lpc_chip_175x_6x\Debug\liblpc_chip_175x_6x.a(uart_17xx_40xx.o)
RingBuffer_Pop                                    C:\Users\matia\Documents\MCUXpressoIDE_11.4.0_6237\workspace\lpc_chip_175x_6x\Debug\liblpc_chip_175x_6x.a(ring_buffer.o)
                                                  C:\Users\matia\Documents\MCUXpressoIDE_11.4.0_6237\workspace\lpc_chip_175x_6x\Debug\liblpc_chip_175x_6x.a(uart_17xx_40xx.o)
RingBuffer_PopMult                                C:\Users\matia\Documents\MCUXpressoIDE_11.4.0_6237\workspace\lpc_chip_175x_6x\Debug\liblpc_chip_175x_6x.a(ring_buffer.o)
                                                  C:\Users\matia\Documents\MCUXpressoIDE_11.4.0_6237\workspace\lpc_chip_175x_6x\Debug\liblpc_chip_175x_6x.a(uart_17xx_40xx.o)
SPI_IRQHandler                                    ./src/cr_startup_lpc175x_6x.o
SSP0_IRQHandler                                   ./src/cr_startup_lpc175x_6x.o
SSP1_IRQHandler                                   ./src/cr_startup_lpc175x_6x.o
SVC_Handler                                       ./src/cr_startup_lpc175x_6x.o
Serial_CreateStream                               C:\Users\matia\Documents\MCUXpressoIDE_11.4.0_6237\workspace\lpc_board_nxp_lpcxpresso_1769\Debug\liblpc_board_nxp_lpcxpresso_1769.a(board.o)
SysTick_Handler                                   ./src/cr_startup_lpc175x_6x.o
SystemCoreClock                                   C:\Users\matia\Documents\MCUXpressoIDE_11.4.0_6237\workspace\lpc_chip_175x_6x\Debug\liblpc_chip_175x_6x.a(chip_17xx_40xx.o)
SystemCoreClockUpdate                             C:\Users\matia\Documents\MCUXpressoIDE_11.4.0_6237\workspace\lpc_chip_175x_6x\Debug\liblpc_chip_175x_6x.a(chip_17xx_40xx.o)
                                                  ./src/Mi_primer_proyecto.o
SystemInit                                        ./src/sysinit.o
                                                  ./src/cr_startup_lpc175x_6x.o
TIMER0_IRQHandler                                 ./src/cr_startup_lpc175x_6x.o
TIMER1_IRQHandler                                 ./src/cr_startup_lpc175x_6x.o
TIMER2_IRQHandler                                 ./src/cr_startup_lpc175x_6x.o
TIMER3_IRQHandler                                 ./src/cr_startup_lpc175x_6x.o
UART0_IRQHandler                                  ./src/cr_startup_lpc175x_6x.o
UART1_IRQHandler                                  ./src/cr_startup_lpc175x_6x.o
UART2_IRQHandler                                  ./src/cr_startup_lpc175x_6x.o
UART3_IRQHandler                                  ./src/cr_startup_lpc175x_6x.o
USBActivity_IRQHandler                            ./src/cr_startup_lpc175x_6x.o
USB_IRQHandler                                    ./src/cr_startup_lpc175x_6x.o
UsageFault_Handler                                ./src/cr_startup_lpc175x_6x.o
WDT_IRQHandler                                    ./src/cr_startup_lpc175x_6x.o
__aeabi_idiv0                                     c:/nxp/mcuxpressoide_11.4.0_6237/ide/plugins/com.nxp.mcuxpresso.tools.win32_11.4.0.202103011116/tools/bin/../lib/gcc/arm-none-eabi/10.2.1/thumb/v7-m/nofp\libcr_eabihelpers.a(division_idiv0.o)
                                                  c:/nxp/mcuxpressoide_11.4.0_6237/ide/plugins/com.nxp.mcuxpresso.tools.win32_11.4.0.202103011116/tools/bin/../lib/gcc/arm-none-eabi/10.2.1/thumb/v7-m/nofp\libcr_eabihelpers.a(division_64.o)
__aeabi_ldivmod                                   c:/nxp/mcuxpressoide_11.4.0_6237/ide/plugins/com.nxp.mcuxpresso.tools.win32_11.4.0.202103011116/tools/bin/../lib/gcc/arm-none-eabi/10.2.1/thumb/v7-m/nofp\libcr_eabihelpers.a(division_64.o)
__aeabi_lowlevel_memset                           c:/nxp/mcuxpressoide_11.4.0_6237/ide/plugins/com.nxp.mcuxpresso.tools.win32_11.4.0.202103011116/tools/bin/../lib/gcc/arm-none-eabi/10.2.1/thumb/v7-m/nofp\libcr_eabihelpers.a(memcpy.o)
__aeabi_memclr                                    c:/nxp/mcuxpressoide_11.4.0_6237/ide/plugins/com.nxp.mcuxpresso.tools.win32_11.4.0.202103011116/tools/bin/../lib/gcc/arm-none-eabi/10.2.1/thumb/v7-m/nofp\libcr_eabihelpers.a(memcpy.o)
__aeabi_memclr4                                   c:/nxp/mcuxpressoide_11.4.0_6237/ide/plugins/com.nxp.mcuxpresso.tools.win32_11.4.0.202103011116/tools/bin/../lib/gcc/arm-none-eabi/10.2.1/thumb/v7-m/nofp\libcr_eabihelpers.a(memcpy.o)
__aeabi_memclr8                                   c:/nxp/mcuxpressoide_11.4.0_6237/ide/plugins/com.nxp.mcuxpresso.tools.win32_11.4.0.202103011116/tools/bin/../lib/gcc/arm-none-eabi/10.2.1/thumb/v7-m/nofp\libcr_eabihelpers.a(memcpy.o)
__aeabi_memcpy                                    c:/nxp/mcuxpressoide_11.4.0_6237/ide/plugins/com.nxp.mcuxpresso.tools.win32_11.4.0.202103011116/tools/bin/../lib/gcc/arm-none-eabi/10.2.1/thumb/v7-m/nofp\libcr_eabihelpers.a(memcpy.o)
                                                  c:/nxp/mcuxpressoide_11.4.0_6237/ide/plugins/com.nxp.mcuxpresso.tools.win32_11.4.0.202103011116/tools/bin/../lib/gcc/arm-none-eabi/10.2.1/../../../../arm-none-eabi/lib/thumb/v7-m/nofp\libcr_c.a(memcpy.o)
__aeabi_memcpy4                                   c:/nxp/mcuxpressoide_11.4.0_6237/ide/plugins/com.nxp.mcuxpresso.tools.win32_11.4.0.202103011116/tools/bin/../lib/gcc/arm-none-eabi/10.2.1/thumb/v7-m/nofp\libcr_eabihelpers.a(memcpy.o)
__aeabi_memcpy8                                   c:/nxp/mcuxpressoide_11.4.0_6237/ide/plugins/com.nxp.mcuxpresso.tools.win32_11.4.0.202103011116/tools/bin/../lib/gcc/arm-none-eabi/10.2.1/thumb/v7-m/nofp\libcr_eabihelpers.a(memcpy.o)
__aeabi_memmove                                   c:/nxp/mcuxpressoide_11.4.0_6237/ide/plugins/com.nxp.mcuxpresso.tools.win32_11.4.0.202103011116/tools/bin/../lib/gcc/arm-none-eabi/10.2.1/thumb/v7-m/nofp\libcr_eabihelpers.a(memcpy.o)
__aeabi_memmove4                                  c:/nxp/mcuxpressoide_11.4.0_6237/ide/plugins/com.nxp.mcuxpresso.tools.win32_11.4.0.202103011116/tools/bin/../lib/gcc/arm-none-eabi/10.2.1/thumb/v7-m/nofp\libcr_eabihelpers.a(memcpy.o)
__aeabi_memmove8                                  c:/nxp/mcuxpressoide_11.4.0_6237/ide/plugins/com.nxp.mcuxpresso.tools.win32_11.4.0.202103011116/tools/bin/../lib/gcc/arm-none-eabi/10.2.1/thumb/v7-m/nofp\libcr_eabihelpers.a(memcpy.o)
__aeabi_memset                                    c:/nxp/mcuxpressoide_11.4.0_6237/ide/plugins/com.nxp.mcuxpresso.tools.win32_11.4.0.202103011116/tools/bin/../lib/gcc/arm-none-eabi/10.2.1/thumb/v7-m/nofp\libcr_eabihelpers.a(memcpy.o)
__aeabi_memset4                                   c:/nxp/mcuxpressoide_11.4.0_6237/ide/plugins/com.nxp.mcuxpresso.tools.win32_11.4.0.202103011116/tools/bin/../lib/gcc/arm-none-eabi/10.2.1/thumb/v7-m/nofp\libcr_eabihelpers.a(memcpy.o)
__aeabi_memset8                                   c:/nxp/mcuxpressoide_11.4.0_6237/ide/plugins/com.nxp.mcuxpresso.tools.win32_11.4.0.202103011116/tools/bin/../lib/gcc/arm-none-eabi/10.2.1/thumb/v7-m/nofp\libcr_eabihelpers.a(memcpy.o)
__aeabi_uldivmod                                  c:/nxp/mcuxpressoide_11.4.0_6237/ide/plugins/com.nxp.mcuxpresso.tools.win32_11.4.0.202103011116/tools/bin/../lib/gcc/arm-none-eabi/10.2.1/thumb/v7-m/nofp\libcr_eabihelpers.a(division_64.o)
                                                  C:\Users\matia\Documents\MCUXpressoIDE_11.4.0_6237\workspace\lpc_chip_175x_6x\Debug\liblpc_chip_175x_6x.a(uart_17xx_40xx.o)
                                                  C:\Users\matia\Documents\MCUXpressoIDE_11.4.0_6237\workspace\lpc_chip_175x_6x\Debug\liblpc_chip_175x_6x.a(i2s_17xx_40xx.o)
__bhs_ldivmod1                                    c:/nxp/mcuxpressoide_11.4.0_6237/ide/plugins/com.nxp.mcuxpresso.tools.win32_11.4.0.202103011116/tools/bin/../lib/gcc/arm-none-eabi/10.2.1/thumb/v7-m/nofp\libcr_eabihelpers.a(division_64.o)
__bss_section_table_end                           ./src/cr_startup_lpc175x_6x.o
__data_section_table                              ./src/cr_startup_lpc175x_6x.o
__data_section_table_end                          ./src/cr_startup_lpc175x_6x.o
__main                                            c:/nxp/mcuxpressoide_11.4.0_6237/ide/plugins/com.nxp.mcuxpresso.tools.win32_11.4.0.202103011116/tools/bin/../lib/gcc/arm-none-eabi/10.2.1/../../../../arm-none-eabi/lib/thumb/v7-m/nofp\libcr_c.a(__weak__main.o)
                                                  ./src/cr_startup_lpc175x_6x.o
__sys_readc                                       C:\Users\matia\Documents\MCUXpressoIDE_11.4.0_6237\workspace\lpc_board_nxp_lpcxpresso_1769\Debug\liblpc_board_nxp_lpcxpresso_1769.a(board.o)
__sys_write                                       C:\Users\matia\Documents\MCUXpressoIDE_11.4.0_6237\workspace\lpc_board_nxp_lpcxpresso_1769\Debug\liblpc_board_nxp_lpcxpresso_1769.a(board.o)
__valid_user_code_checksum                        ./src/cr_startup_lpc175x_6x.o
__weak_main                                       c:/nxp/mcuxpressoide_11.4.0_6237/ide/plugins/com.nxp.mcuxpresso.tools.win32_11.4.0.202103011116/tools/bin/../lib/gcc/arm-none-eabi/10.2.1/../../../../arm-none-eabi/lib/thumb/v7-m/nofp\libcr_c.a(__weak__main.o)
_vStackTop                                        ./src/cr_startup_lpc175x_6x.o
bss_init                                          ./src/cr_startup_lpc175x_6x.o
data_init                                         ./src/cr_startup_lpc175x_6x.o
g_pfnVectors                                      ./src/cr_startup_lpc175x_6x.o
                                                  ./src/sysinit.o
main                                              ./src/Mi_primer_proyecto.o
                                                  c:/nxp/mcuxpressoide_11.4.0_6237/ide/plugins/com.nxp.mcuxpresso.tools.win32_11.4.0.202103011116/tools/bin/../lib/gcc/arm-none-eabi/10.2.1/../../../../arm-none-eabi/lib/thumb/v7-m/nofp\libcr_c.a(__weak__main.o)
memcpy                                            c:/nxp/mcuxpressoide_11.4.0_6237/ide/plugins/com.nxp.mcuxpresso.tools.win32_11.4.0.202103011116/tools/bin/../lib/gcc/arm-none-eabi/10.2.1/../../../../arm-none-eabi/lib/thumb/v7-m/nofp\libcr_c.a(memcpy.o)
                                                  C:\Users\matia\Documents\MCUXpressoIDE_11.4.0_6237\workspace\lpc_chip_175x_6x\Debug\liblpc_chip_175x_6x.a(ring_buffer.o)
                                                  C:\Users\matia\Documents\MCUXpressoIDE_11.4.0_6237\workspace\lpc_board_nxp_lpcxpresso_1769\Debug\liblpc_board_nxp_lpcxpresso_1769.a(board.o)
